Archive member included to satisfy reference by file (symbol)

c:/st/stm32cubeide_1.10.1/stm32cubeide/plugins/com.st.stm32cube.ide.mcu.externaltools.gnu-tools-for-stm32.10.3-2021.10.win32_1.0.200.202301161003/tools/bin/../lib/gcc/arm-none-eabi/10.3.1/../../../../arm-none-eabi/lib/thumb/v7-m/nofp\libc_nano.a(lib_a-errno.o)
                              ./Core/Src/syscalls.o (__errno)
c:/st/stm32cubeide_1.10.1/stm32cubeide/plugins/com.st.stm32cube.ide.mcu.externaltools.gnu-tools-for-stm32.10.3-2021.10.win32_1.0.200.202301161003/tools/bin/../lib/gcc/arm-none-eabi/10.3.1/../../../../arm-none-eabi/lib/thumb/v7-m/nofp\libc_nano.a(lib_a-exit.o)
                              c:/st/stm32cubeide_1.10.1/stm32cubeide/plugins/com.st.stm32cube.ide.mcu.externaltools.gnu-tools-for-stm32.10.3-2021.10.win32_1.0.200.202301161003/tools/bin/../lib/gcc/arm-none-eabi/10.3.1/../../../../arm-none-eabi/lib/thumb/v7-m/nofp/crt0.o (exit)
c:/st/stm32cubeide_1.10.1/stm32cubeide/plugins/com.st.stm32cube.ide.mcu.externaltools.gnu-tools-for-stm32.10.3-2021.10.win32_1.0.200.202301161003/tools/bin/../lib/gcc/arm-none-eabi/10.3.1/../../../../arm-none-eabi/lib/thumb/v7-m/nofp\libc_nano.a(lib_a-impure.o)
                              c:/st/stm32cubeide_1.10.1/stm32cubeide/plugins/com.st.stm32cube.ide.mcu.externaltools.gnu-tools-for-stm32.10.3-2021.10.win32_1.0.200.202301161003/tools/bin/../lib/gcc/arm-none-eabi/10.3.1/../../../../arm-none-eabi/lib/thumb/v7-m/nofp\libc_nano.a(lib_a-exit.o) (_global_impure_ptr)
c:/st/stm32cubeide_1.10.1/stm32cubeide/plugins/com.st.stm32cube.ide.mcu.externaltools.gnu-tools-for-stm32.10.3-2021.10.win32_1.0.200.202301161003/tools/bin/../lib/gcc/arm-none-eabi/10.3.1/../../../../arm-none-eabi/lib/thumb/v7-m/nofp\libc_nano.a(lib_a-init.o)
                              c:/st/stm32cubeide_1.10.1/stm32cubeide/plugins/com.st.stm32cube.ide.mcu.externaltools.gnu-tools-for-stm32.10.3-2021.10.win32_1.0.200.202301161003/tools/bin/../lib/gcc/arm-none-eabi/10.3.1/../../../../arm-none-eabi/lib/thumb/v7-m/nofp/crt0.o (__libc_init_array)
c:/st/stm32cubeide_1.10.1/stm32cubeide/plugins/com.st.stm32cube.ide.mcu.externaltools.gnu-tools-for-stm32.10.3-2021.10.win32_1.0.200.202301161003/tools/bin/../lib/gcc/arm-none-eabi/10.3.1/../../../../arm-none-eabi/lib/thumb/v7-m/nofp\libc_nano.a(lib_a-memset.o)
                              c:/st/stm32cubeide_1.10.1/stm32cubeide/plugins/com.st.stm32cube.ide.mcu.externaltools.gnu-tools-for-stm32.10.3-2021.10.win32_1.0.200.202301161003/tools/bin/../lib/gcc/arm-none-eabi/10.3.1/../../../../arm-none-eabi/lib/thumb/v7-m/nofp/crt0.o (memset)

Discarded input sections

 .text          0x0000000000000000        0x0 c:/st/stm32cubeide_1.10.1/stm32cubeide/plugins/com.st.stm32cube.ide.mcu.externaltools.gnu-tools-for-stm32.10.3-2021.10.win32_1.0.200.202301161003/tools/bin/../lib/gcc/arm-none-eabi/10.3.1/thumb/v7-m/nofp/crti.o
 .data          0x0000000000000000        0x0 c:/st/stm32cubeide_1.10.1/stm32cubeide/plugins/com.st.stm32cube.ide.mcu.externaltools.gnu-tools-for-stm32.10.3-2021.10.win32_1.0.200.202301161003/tools/bin/../lib/gcc/arm-none-eabi/10.3.1/thumb/v7-m/nofp/crti.o
 .bss           0x0000000000000000        0x0 c:/st/stm32cubeide_1.10.1/stm32cubeide/plugins/com.st.stm32cube.ide.mcu.externaltools.gnu-tools-for-stm32.10.3-2021.10.win32_1.0.200.202301161003/tools/bin/../lib/gcc/arm-none-eabi/10.3.1/thumb/v7-m/nofp/crti.o
 .data          0x0000000000000000        0x4 c:/st/stm32cubeide_1.10.1/stm32cubeide/plugins/com.st.stm32cube.ide.mcu.externaltools.gnu-tools-for-stm32.10.3-2021.10.win32_1.0.200.202301161003/tools/bin/../lib/gcc/arm-none-eabi/10.3.1/thumb/v7-m/nofp/crtbegin.o
 .rodata        0x0000000000000000       0x24 c:/st/stm32cubeide_1.10.1/stm32cubeide/plugins/com.st.stm32cube.ide.mcu.externaltools.gnu-tools-for-stm32.10.3-2021.10.win32_1.0.200.202301161003/tools/bin/../lib/gcc/arm-none-eabi/10.3.1/thumb/v7-m/nofp/crtbegin.o
 .text          0x0000000000000000       0x7c c:/st/stm32cubeide_1.10.1/stm32cubeide/plugins/com.st.stm32cube.ide.mcu.externaltools.gnu-tools-for-stm32.10.3-2021.10.win32_1.0.200.202301161003/tools/bin/../lib/gcc/arm-none-eabi/10.3.1/../../../../arm-none-eabi/lib/thumb/v7-m/nofp/crt0.o
 .data          0x0000000000000000        0x0 c:/st/stm32cubeide_1.10.1/stm32cubeide/plugins/com.st.stm32cube.ide.mcu.externaltools.gnu-tools-for-stm32.10.3-2021.10.win32_1.0.200.202301161003/tools/bin/../lib/gcc/arm-none-eabi/10.3.1/../../../../arm-none-eabi/lib/thumb/v7-m/nofp/crt0.o
 .bss           0x0000000000000000        0x0 c:/st/stm32cubeide_1.10.1/stm32cubeide/plugins/com.st.stm32cube.ide.mcu.externaltools.gnu-tools-for-stm32.10.3-2021.10.win32_1.0.200.202301161003/tools/bin/../lib/gcc/arm-none-eabi/10.3.1/../../../../arm-none-eabi/lib/thumb/v7-m/nofp/crt0.o
[...]
Memory Configuration

Name             Origin             Length             Attributes
RAM              0x0000000020000000 0x0000000000005000 xrw
FLASH            0x0000000008000000 0x0000000000010000 xr
*default*        0x0000000000000000 0xffffffffffffffff

Linker script and memory map

LOAD c:/st/stm32cubeide_1.10.1/stm32cubeide/plugins/com.st.stm32cube.ide.mcu.externaltools.gnu-tools-for-stm32.10.3-2021.10.win32_1.0.200.202301161003/tools/bin/../lib/gcc/arm-none-eabi/10.3.1/thumb/v7-m/nofp/crti.o
LOAD c:/st/stm32cubeide_1.10.1/stm32cubeide/plugins/com.st.stm32cube.ide.mcu.externaltools.gnu-tools-for-stm32.10.3-2021.10.win32_1.0.200.202301161003/tools/bin/../lib/gcc/arm-none-eabi/10.3.1/thumb/v7-m/nofp/crtbegin.o
LOAD c:/st/stm32cubeide_1.10.1/stm32cubeide/plugins/com.st.stm32cube.ide.mcu.externaltools.gnu-tools-for-stm32.10.3-2021.10.win32_1.0.200.202301161003/tools/bin/../lib/gcc/arm-none-eabi/10.3.1/../../../../arm-none-eabi/lib/thumb/v7-m/nofp/crt0.o
LOAD ./Core/Src/main.o
LOAD ./Core/Src/stm32f1xx_hal_msp.o
LOAD ./Core/Src/stm32f1xx_it.o
LOAD ./Core/Src/syscalls.o
LOAD ./Core/Src/sysmem.o
LOAD ./Core/Src/system_stm32f1xx.o
LOAD ./Core/Startup/startup_stm32f103c8tx.o
LOAD ./Drivers/STM32F1xx_HAL_Driver/Src/stm32f1xx_hal.o
LOAD ./Drivers/STM32F1xx_HAL_Driver/Src/stm32f1xx_hal_cortex.o
LOAD ./Drivers/STM32F1xx_HAL_Driver/Src/stm32f1xx_hal_dma.o
LOAD ./Drivers/STM32F1xx_HAL_Driver/Src/stm32f1xx_hal_exti.o
LOAD ./Drivers/STM32F1xx_HAL_Driver/Src/stm32f1xx_hal_flash.o
LOAD ./Drivers/STM32F1xx_HAL_Driver/Src/stm32f1xx_hal_flash_ex.o
LOAD ./Drivers/STM32F1xx_HAL_Driver/Src/stm32f1xx_hal_gpio.o
LOAD ./Drivers/STM32F1xx_HAL_Driver/Src/stm32f1xx_hal_gpio_ex.o
LOAD ./Drivers/STM32F1xx_HAL_Driver/Src/stm32f1xx_hal_pcd.o
LOAD ./Drivers/STM32F1xx_HAL_Driver/Src/stm32f1xx_hal_pcd_ex.o
LOAD ./Drivers/STM32F1xx_HAL_Driver/Src/stm32f1xx_hal_pwr.o
LOAD ./Drivers/STM32F1xx_HAL_Driver/Src/stm32f1xx_hal_rcc.o
LOAD ./Drivers/STM32F1xx_HAL_Driver/Src/stm32f1xx_hal_rcc_ex.o
LOAD ./Drivers/STM32F1xx_HAL_Driver/Src/stm32f1xx_hal_tim.o
LOAD ./Drivers/STM32F1xx_HAL_Driver/Src/stm32f1xx_hal_tim_ex.o
LOAD ./Drivers/STM32F1xx_HAL_Driver/Src/stm32f1xx_hal_uart.o
LOAD ./Drivers/STM32F1xx_HAL_Driver/Src/stm32f1xx_ll_usb.o
LOAD ./Middlewares/ST/STM32_USB_Device_Library/Class/CDC/Src/usbd_cdc.o
LOAD ./Middlewares/ST/STM32_USB_Device_Library/Core/Src/usbd_core.o
LOAD ./Middlewares/ST/STM32_USB_Device_Library/Core/Src/usbd_ctlreq.o
LOAD ./Middlewares/ST/STM32_USB_Device_Library/Core/Src/usbd_ioreq.o
LOAD ./USB_DEVICE/App/usb_device.o
LOAD ./USB_DEVICE/App/usbd_cdc_if.o
LOAD ./USB_DEVICE/App/usbd_desc.o
LOAD ./USB_DEVICE/Target/usbd_conf.o
START GROUP
LOAD c:/st/stm32cubeide_1.10.1/stm32cubeide/plugins/com.st.stm32cube.ide.mcu.externaltools.gnu-tools-for-stm32.10.3-2021.10.win32_1.0.200.202301161003/tools/bin/../lib/gcc/arm-none-eabi/10.3.1/../../../../arm-none-eabi/lib/thumb/v7-m/nofp\libc_nano.a
LOAD c:/st/stm32cubeide_1.10.1/stm32cubeide/plugins/com.st.stm32cube.ide.mcu.externaltools.gnu-tools-for-stm32.10.3-2021.10.win32_1.0.200.202301161003/tools/bin/../lib/gcc/arm-none-eabi/10.3.1/../../../../arm-none-eabi/lib/thumb/v7-m/nofp\libm.a
END GROUP
START GROUP
LOAD c:/st/stm32cubeide_1.10.1/stm32cubeide/plugins/com.st.stm32cube.ide.mcu.externaltools.gnu-tools-for-stm32.10.3-2021.10.win32_1.0.200.202301161003/tools/bin/../lib/gcc/arm-none-eabi/10.3.1/thumb/v7-m/nofp\libgcc.a
LOAD c:/st/stm32cubeide_1.10.1/stm32cubeide/plugins/com.st.stm32cube.ide.mcu.externaltools.gnu-tools-for-stm32.10.3-2021.10.win32_1.0.200.202301161003/tools/bin/../lib/gcc/arm-none-eabi/10.3.1/../../../../arm-none-eabi/lib/thumb/v7-m/nofp\libc_nano.a
END GROUP
START GROUP
LOAD c:/st/stm32cubeide_1.10.1/stm32cubeide/plugins/com.st.stm32cube.ide.mcu.externaltools.gnu-tools-for-stm32.10.3-2021.10.win32_1.0.200.202301161003/tools/bin/../lib/gcc/arm-none-eabi/10.3.1/thumb/v7-m/nofp\libgcc.a
LOAD c:/st/stm32cubeide_1.10.1/stm32cubeide/plugins/com.st.stm32cube.ide.mcu.externaltools.gnu-tools-for-stm32.10.3-2021.10.win32_1.0.200.202301161003/tools/bin/../lib/gcc/arm-none-eabi/10.3.1/../../../../arm-none-eabi/lib/thumb/v7-m/nofp\libc_nano.a
LOAD c:/st/stm32cubeide_1.10.1/stm32cubeide/plugins/com.st.stm32cube.ide.mcu.externaltools.gnu-tools-for-stm32.10.3-2021.10.win32_1.0.200.202301161003/tools/bin/../lib/gcc/arm-none-eabi/10.3.1/../../../../arm-none-eabi/lib/thumb/v7-m/nofp\libnosys.a
END GROUP
START GROUP
LOAD c:/st/stm32cubeide_1.10.1/stm32cubeide/plugins/com.st.stm32cube.ide.mcu.externaltools.gnu-tools-for-stm32.10.3-2021.10.win32_1.0.200.202301161003/tools/bin/../lib/gcc/arm-none-eabi/10.3.1/thumb/v7-m/nofp\libgcc.a
LOAD c:/st/stm32cubeide_1.10.1/stm32cubeide/plugins/com.st.stm32cube.ide.mcu.externaltools.gnu-tools-for-stm32.10.3-2021.10.win32_1.0.200.202301161003/tools/bin/../lib/gcc/arm-none-eabi/10.3.1/../../../../arm-none-eabi/lib/thumb/v7-m/nofp\libc_nano.a
LOAD c:/st/stm32cubeide_1.10.1/stm32cubeide/plugins/com.st.stm32cube.ide.mcu.externaltools.gnu-tools-for-stm32.10.3-2021.10.win32_1.0.200.202301161003/tools/bin/../lib/gcc/arm-none-eabi/10.3.1/../../../../arm-none-eabi/lib/thumb/v7-m/nofp\libnosys.a
END GROUP
LOAD c:/st/stm32cubeide_1.10.1/stm32cubeide/plugins/com.st.stm32cube.ide.mcu.externaltools.gnu-tools-for-stm32.10.3-2021.10.win32_1.0.200.202301161003/tools/bin/../lib/gcc/arm-none-eabi/10.3.1/thumb/v7-m/nofp/crtend.o
LOAD c:/st/stm32cubeide_1.10.1/stm32cubeide/plugins/com.st.stm32cube.ide.mcu.externaltools.gnu-tools-for-stm32.10.3-2021.10.win32_1.0.200.202301161003/tools/bin/../lib/gcc/arm-none-eabi/10.3.1/thumb/v7-m/nofp/crtn.o
                0x0000000020005000                _estack = (ORIGIN (RAM) + LENGTH (RAM))
                0x0000000000000200                _Min_Heap_Size = 0x200
                0x0000000000000400                _Min_Stack_Size = 0x400

.isr_vector     0x0000000008000000      0x10c
                0x0000000008000000                . = ALIGN (0x4)
 *(.isr_vector)
 .isr_vector    0x0000000008000000      0x10c ./Core/Startup/startup_stm32f103c8tx.o
                0x0000000008000000                g_pfnVectors
                0x000000000800010c                . = ALIGN (0x4)

.text           0x000000000800010c     0x7ff4
                0x000000000800010c                . = ALIGN (0x4)
 *(.text)
 .text          0x000000000800010c       0x40 c:/st/stm32cubeide_1.10.1/stm32cubeide/plugins/com.st.stm32cube.ide.mcu.externaltools.gnu-tools-for-stm32.10.3-2021.10.win32_1.0.200.202301161003/tools/bin/../lib/gcc/arm-none-eabi/10.3.1/thumb/v7-m/nofp/crtbegin.o
 *(.text*)
 .text.main     0x000000000800014c       0x34 ./Core/Src/main.o
                0x000000000800014c                main
 .text.SystemClock_Config
                0x0000000008000180       0xb4 ./Core/Src/main.o
                0x0000000008000180                SystemClock_Config
 .text.MX_TIM1_Init
                0x0000000008000234      0x130 ./Core/Src/main.o
 .text.MX_USART1_UART_Init
                0x0000000008000364       0x54 ./Core/Src/main.o
 .text.MX_GPIO_Init
                0x00000000080003b8       0xec ./Core/Src/main.o
 .text.Error_Handler
                0x00000000080004a4        0xa ./Core/Src/main.o
                0x00000000080004a4                Error_Handler
 *fill*         0x00000000080004ae        0x2 
 .text.HAL_MspInit
                0x00000000080004b0       0x64 ./Core/Src/stm32f1xx_hal_msp.o
                0x00000000080004b0                HAL_MspInit
 .text.HAL_TIM_OC_MspInit
                0x0000000008000514       0x3c ./Core/Src/stm32f1xx_hal_msp.o
                0x0000000008000514                HAL_TIM_OC_MspInit
 .text.HAL_UART_MspInit
                0x0000000008000550       0x98 ./Core/Src/stm32f1xx_hal_msp.o
                0x0000000008000550                HAL_UART_MspInit
 .text.NMI_Handler
                0x00000000080005e8        0x6 ./Core/Src/stm32f1xx_it.o
                0x00000000080005e8                NMI_Handler
 .text.HardFault_Handler
                0x00000000080005ee        0x6 ./Core/Src/stm32f1xx_it.o
                0x00000000080005ee                HardFault_Handler
 .text.MemManage_Handler
                0x00000000080005f4        0x6 ./Core/Src/stm32f1xx_it.o
                0x00000000080005f4                MemManage_Handler
 .text.BusFault_Handler
                0x00000000080005fa        0x6 ./Core/Src/stm32f1xx_it.o
                0x00000000080005fa                BusFault_Handler
 .text.UsageFault_Handler
                0x0000000008000600        0x6 ./Core/Src/stm32f1xx_it.o
                0x0000000008000600                UsageFault_Handler
 .text.SVC_Handler
                0x0000000008000606        0xc ./Core/Src/stm32f1xx_it.o
                0x0000000008000606                SVC_Handler
 .text.DebugMon_Handler
                0x0000000008000612        0xc ./Core/Src/stm32f1xx_it.o
                0x0000000008000612                DebugMon_Handler
 .text.PendSV_Handler
                0x000000000800061e        0xc ./Core/Src/stm32f1xx_it.o
                0x000000000800061e                PendSV_Handler
 .text.SysTick_Handler
                0x000000000800062a        0xc ./Core/Src/stm32f1xx_it.o
                0x000000000800062a                SysTick_Handler
 *fill*         0x0000000008000636        0x2 
 .text.USB_LP_CAN1_RX0_IRQHandler
                0x0000000008000638       0x14 ./Core/Src/stm32f1xx_it.o
                0x0000000008000638                USB_LP_CAN1_RX0_IRQHandler
 .text.SystemInit
                0x000000000800064c        0xc ./Core/Src/system_stm32f1xx.o
                0x000000000800064c                SystemInit
 .text.Reset_Handler
                0x0000000008000658       0x48 ./Core/Startup/startup_stm32f103c8tx.o
                0x0000000008000658                Reset_Handler
 .text.Default_Handler
                0x00000000080006a0        0x2 ./Core/Startup/startup_stm32f103c8tx.o
                0x00000000080006a0                RTC_Alarm_IRQHandler
                0x00000000080006a0                EXTI2_IRQHandler
                0x00000000080006a0                TIM1_CC_IRQHandler
                0x00000000080006a0                PVD_IRQHandler
                0x00000000080006a0                EXTI3_IRQHandler
                0x00000000080006a0                EXTI0_IRQHandler
                0x00000000080006a0                I2C2_EV_IRQHandler
                0x00000000080006a0                ADC1_2_IRQHandler
                0x00000000080006a0                SPI1_IRQHandler
                0x00000000080006a0                TAMPER_IRQHandler
                0x00000000080006a0                DMA1_Channel4_IRQHandler
                0x00000000080006a0                USART3_IRQHandler
                0x00000000080006a0                RTC_IRQHandler
                0x00000000080006a0                DMA1_Channel7_IRQHandler
                0x00000000080006a0                CAN1_RX1_IRQHandler
                0x00000000080006a0                TIM4_IRQHandler
                0x00000000080006a0                I2C1_EV_IRQHandler
                0x00000000080006a0                DMA1_Channel6_IRQHandler
                0x00000000080006a0                TIM3_IRQHandler
                0x00000000080006a0                RCC_IRQHandler
                0x00000000080006a0                TIM1_TRG_COM_IRQHandler
                0x00000000080006a0                DMA1_Channel1_IRQHandler
                0x00000000080006a0                Default_Handler
                0x00000000080006a0                EXTI15_10_IRQHandler
                0x00000000080006a0                EXTI9_5_IRQHandler
                0x00000000080006a0                SPI2_IRQHandler
                0x00000000080006a0                DMA1_Channel5_IRQHandler
                0x00000000080006a0                EXTI4_IRQHandler
                0x00000000080006a0                USB_HP_CAN1_TX_IRQHandler
                0x00000000080006a0                DMA1_Channel3_IRQHandler
                0x00000000080006a0                TIM1_UP_IRQHandler
                0x00000000080006a0                WWDG_IRQHandler
                0x00000000080006a0                TIM2_IRQHandler
                0x00000000080006a0                TIM1_BRK_IRQHandler
                0x00000000080006a0                EXTI1_IRQHandler
                0x00000000080006a0                USART2_IRQHandler
                0x00000000080006a0                I2C2_ER_IRQHandler
                0x00000000080006a0                DMA1_Channel2_IRQHandler
                0x00000000080006a0                CAN1_SCE_IRQHandler
                0x00000000080006a0                FLASH_IRQHandler
                0x00000000080006a0                USART1_IRQHandler
                0x00000000080006a0                I2C1_ER_IRQHandler
                0x00000000080006a0                USBWakeUp_IRQHandler
 *fill*         0x00000000080006a2        0x2 
 .text.HAL_Init
                0x00000000080006a4       0x2c ./Drivers/STM32F1xx_HAL_Driver/Src/stm32f1xx_hal.o
                0x00000000080006a4                HAL_Init
 .text.HAL_InitTick
                0x00000000080006d0       0x60 ./Drivers/STM32F1xx_HAL_Driver/Src/stm32f1xx_hal.o
                0x00000000080006d0                HAL_InitTick
 .text.HAL_IncTick
                0x0000000008000730       0x24 ./Drivers/STM32F1xx_HAL_Driver/Src/stm32f1xx_hal.o
                0x0000000008000730                HAL_IncTick
 .text.HAL_GetTick
                0x0000000008000754       0x14 ./Drivers/STM32F1xx_HAL_Driver/Src/stm32f1xx_hal.o
                0x0000000008000754                HAL_GetTick
 .text.HAL_Delay
                0x0000000008000768       0x48 ./Drivers/STM32F1xx_HAL_Driver/Src/stm32f1xx_hal.o
                0x0000000008000768                HAL_Delay
 .text.__NVIC_SetPriorityGrouping
                0x00000000080007b0       0x48 ./Drivers/STM32F1xx_HAL_Driver/Src/stm32f1xx_hal_cortex.o
 .text.__NVIC_GetPriorityGrouping
                0x00000000080007f8       0x1c ./Drivers/STM32F1xx_HAL_Driver/Src/stm32f1xx_hal_cortex.o
 .text.__NVIC_EnableIRQ
                0x0000000008000814       0x38 ./Drivers/STM32F1xx_HAL_Driver/Src/stm32f1xx_hal_cortex.o
 .text.__NVIC_SetPriority
                0x000000000800084c       0x54 ./Drivers/STM32F1xx_HAL_Driver/Src/stm32f1xx_hal_cortex.o
 .text.NVIC_EncodePriority
                0x00000000080008a0       0x64 ./Drivers/STM32F1xx_HAL_Driver/Src/stm32f1xx_hal_cortex.o
 .text.SysTick_Config
                0x0000000008000904       0x44 ./Drivers/STM32F1xx_HAL_Driver/Src/stm32f1xx_hal_cortex.o
 .text.HAL_NVIC_SetPriorityGrouping
                0x0000000008000948       0x16 ./Drivers/STM32F1xx_HAL_Driver/Src/stm32f1xx_hal_cortex.o
                0x0000000008000948                HAL_NVIC_SetPriorityGrouping
 .text.HAL_NVIC_SetPriority
                0x000000000800095e       0x38 ./Drivers/STM32F1xx_HAL_Driver/Src/stm32f1xx_hal_cortex.o
                0x000000000800095e                HAL_NVIC_SetPriority
 .text.HAL_NVIC_EnableIRQ
                0x0000000008000996       0x1c ./Drivers/STM32F1xx_HAL_Driver/Src/stm32f1xx_hal_cortex.o
                0x0000000008000996                HAL_NVIC_EnableIRQ
 .text.HAL_SYSTICK_Config
                0x00000000080009b2       0x18 ./Drivers/STM32F1xx_HAL_Driver/Src/stm32f1xx_hal_cortex.o
                0x00000000080009b2                HAL_SYSTICK_Config
 *fill*         0x00000000080009ca        0x2 
 .text.HAL_GPIO_Init
                0x00000000080009cc      0x308 ./Drivers/STM32F1xx_HAL_Driver/Src/stm32f1xx_hal_gpio.o
                0x00000000080009cc                HAL_GPIO_Init
 .text.HAL_GPIO_WritePin
                0x0000000008000cd4       0x30 ./Drivers/STM32F1xx_HAL_Driver/Src/stm32f1xx_hal_gpio.o
                0x0000000008000cd4                HAL_GPIO_WritePin
 .text.HAL_GPIO_TogglePin
                0x0000000008000d04       0x32 ./Drivers/STM32F1xx_HAL_Driver/Src/stm32f1xx_hal_gpio.o
                0x0000000008000d04                HAL_GPIO_TogglePin
 .text.HAL_PCD_Init
                0x0000000008000d36      0x1fe ./Drivers/STM32F1xx_HAL_Driver/Src/stm32f1xx_hal_pcd.o
                0x0000000008000d36                HAL_PCD_Init
 .text.HAL_PCD_Start
                0x0000000008000f34       0x4c ./Drivers/STM32F1xx_HAL_Driver/Src/stm32f1xx_hal_pcd.o
                0x0000000008000f34                HAL_PCD_Start
 .text.HAL_PCD_IRQHandler
                0x0000000008000f80      0x260 ./Drivers/STM32F1xx_HAL_Driver/Src/stm32f1xx_hal_pcd.o
                0x0000000008000f80                HAL_PCD_IRQHandler
 .text.HAL_PCD_SetAddress
                0x00000000080011e0       0x4a ./Drivers/STM32F1xx_HAL_Driver/Src/stm32f1xx_hal_pcd.o
                0x00000000080011e0                HAL_PCD_SetAddress
 .text.HAL_PCD_EP_Open
                0x000000000800122a       0xba ./Drivers/STM32F1xx_HAL_Driver/Src/stm32f1xx_hal_pcd.o
                0x000000000800122a                HAL_PCD_EP_Open
 .text.HAL_PCD_EP_Close
                0x00000000080012e4       0x90 ./Drivers/STM32F1xx_HAL_Driver/Src/stm32f1xx_hal_pcd.o
                0x00000000080012e4                HAL_PCD_EP_Close
 .text.HAL_PCD_EP_Receive
                0x0000000008001374       0x62 ./Drivers/STM32F1xx_HAL_Driver/Src/stm32f1xx_hal_pcd.o
                0x0000000008001374                HAL_PCD_EP_Receive
 .text.HAL_PCD_EP_GetRxCount
                0x00000000080013d6       0x2e ./Drivers/STM32F1xx_HAL_Driver/Src/stm32f1xx_hal_pcd.o
                0x00000000080013d6                HAL_PCD_EP_GetRxCount
 .text.HAL_PCD_EP_Transmit
                0x0000000008001404       0x6e ./Drivers/STM32F1xx_HAL_Driver/Src/stm32f1xx_hal_pcd.o
                0x0000000008001404                HAL_PCD_EP_Transmit
 .text.HAL_PCD_EP_SetStall
                0x0000000008001472       0xc0 ./Drivers/STM32F1xx_HAL_Driver/Src/stm32f1xx_hal_pcd.o
                0x0000000008001472                HAL_PCD_EP_SetStall
 .text.HAL_PCD_EP_ClrStall
                0x0000000008001532       0xa8 ./Drivers/STM32F1xx_HAL_Driver/Src/stm32f1xx_hal_pcd.o
                0x0000000008001532                HAL_PCD_EP_ClrStall
 .text.PCD_EP_ISR_Handler
                0x00000000080015da      0x7a6 ./Drivers/STM32F1xx_HAL_Driver/Src/stm32f1xx_hal_pcd.o
 .text.HAL_PCD_EP_DB_Receive
                0x0000000008001d80      0x21a ./Drivers/STM32F1xx_HAL_Driver/Src/stm32f1xx_hal_pcd.o
 .text.HAL_PCD_EP_DB_Transmit
                0x0000000008001f9a      0x7f4 ./Drivers/STM32F1xx_HAL_Driver/Src/stm32f1xx_hal_pcd.o
 .text.HAL_PCDEx_PMAConfig
                0x000000000800278e       0x84 ./Drivers/STM32F1xx_HAL_Driver/Src/stm32f1xx_hal_pcd_ex.o
                0x000000000800278e                HAL_PCDEx_PMAConfig
 *fill*         0x0000000008002812        0x2 
 .text.HAL_RCC_OscConfig
                0x0000000008002814      0x504 ./Drivers/STM32F1xx_HAL_Driver/Src/stm32f1xx_hal_rcc.o
                0x0000000008002814                HAL_RCC_OscConfig
 .text.HAL_RCC_ClockConfig
                0x0000000008002d18      0x1d4 ./Drivers/STM32F1xx_HAL_Driver/Src/stm32f1xx_hal_rcc.o
                0x0000000008002d18                HAL_RCC_ClockConfig
 .text.HAL_RCC_GetSysClockFreq
                0x0000000008002eec       0xac ./Drivers/STM32F1xx_HAL_Driver/Src/stm32f1xx_hal_rcc.o
                0x0000000008002eec                HAL_RCC_GetSysClockFreq
 .text.HAL_RCC_GetHCLKFreq
                0x0000000008002f98       0x14 ./Drivers/STM32F1xx_HAL_Driver/Src/stm32f1xx_hal_rcc.o
                0x0000000008002f98                HAL_RCC_GetHCLKFreq
 .text.HAL_RCC_GetPCLK1Freq
                0x0000000008002fac       0x28 ./Drivers/STM32F1xx_HAL_Driver/Src/stm32f1xx_hal_rcc.o
                0x0000000008002fac                HAL_RCC_GetPCLK1Freq
 .text.HAL_RCC_GetPCLK2Freq
                0x0000000008002fd4       0x28 ./Drivers/STM32F1xx_HAL_Driver/Src/stm32f1xx_hal_rcc.o
                0x0000000008002fd4                HAL_RCC_GetPCLK2Freq
 .text.RCC_Delay
                0x0000000008002ffc       0x3c ./Drivers/STM32F1xx_HAL_Driver/Src/stm32f1xx_hal_rcc.o
 .text.HAL_RCCEx_PeriphCLKConfig
                0x0000000008003038      0x16c ./Drivers/STM32F1xx_HAL_Driver/Src/stm32f1xx_hal_rcc_ex.o
                0x0000000008003038                HAL_RCCEx_PeriphCLKConfig
 .text.HAL_TIM_OC_Init
                0x00000000080031a4       0x9e ./Drivers/STM32F1xx_HAL_Driver/Src/stm32f1xx_hal_tim.o
                0x00000000080031a4                HAL_TIM_OC_Init
 *fill*         0x0000000008003242        0x2 
 .text.HAL_TIM_OC_ConfigChannel
                0x0000000008003244       0xb8 ./Drivers/STM32F1xx_HAL_Driver/Src/stm32f1xx_hal_tim.o
                0x0000000008003244                HAL_TIM_OC_ConfigChannel
 .text.TIM_Base_SetConfig
                0x00000000080032fc       0xc4 ./Drivers/STM32F1xx_HAL_Driver/Src/stm32f1xx_hal_tim.o
                0x00000000080032fc                TIM_Base_SetConfig
 .text.TIM_OC1_SetConfig
                0x00000000080033c0       0xcc ./Drivers/STM32F1xx_HAL_Driver/Src/stm32f1xx_hal_tim.o
 .text.TIM_OC2_SetConfig
                0x000000000800348c       0xd4 ./Drivers/STM32F1xx_HAL_Driver/Src/stm32f1xx_hal_tim.o
                0x000000000800348c                TIM_OC2_SetConfig
 .text.TIM_OC3_SetConfig
                0x0000000008003560       0xd4 ./Drivers/STM32F1xx_HAL_Driver/Src/stm32f1xx_hal_tim.o
 .text.TIM_OC4_SetConfig
                0x0000000008003634       0x9c ./Drivers/STM32F1xx_HAL_Driver/Src/stm32f1xx_hal_tim.o
 .text.HAL_TIMEx_MasterConfigSynchronization
                0x00000000080036d0       0xbc ./Drivers/STM32F1xx_HAL_Driver/Src/stm32f1xx_hal_tim_ex.o
                0x00000000080036d0                HAL_TIMEx_MasterConfigSynchronization
 .text.HAL_TIMEx_ConfigBreakDeadTime
                0x000000000800378c       0xa2 ./Drivers/STM32F1xx_HAL_Driver/Src/stm32f1xx_hal_tim_ex.o
                0x000000000800378c                HAL_TIMEx_ConfigBreakDeadTime
 .text.HAL_UART_Init
                0x000000000800382e       0xa0 ./Drivers/STM32F1xx_HAL_Driver/Src/stm32f1xx_hal_uart.o
                0x000000000800382e                HAL_UART_Init
 *fill*         0x00000000080038ce        0x2 
 .text.UART_SetConfig
                0x00000000080038d0      0x11c ./Drivers/STM32F1xx_HAL_Driver/Src/stm32f1xx_hal_uart.o
 .text.USB_CoreInit
                0x00000000080039ec       0x20 ./Drivers/STM32F1xx_HAL_Driver/Src/stm32f1xx_ll_usb.o
                0x00000000080039ec                USB_CoreInit
 .text.USB_EnableGlobalInt
                0x0000000008003a0c       0x2c ./Drivers/STM32F1xx_HAL_Driver/Src/stm32f1xx_ll_usb.o
                0x0000000008003a0c                USB_EnableGlobalInt
 .text.USB_DisableGlobalInt
                0x0000000008003a38       0x34 ./Drivers/STM32F1xx_HAL_Driver/Src/stm32f1xx_ll_usb.o
                0x0000000008003a38                USB_DisableGlobalInt
 .text.USB_SetCurrentMode
                0x0000000008003a6c       0x18 ./Drivers/STM32F1xx_HAL_Driver/Src/stm32f1xx_ll_usb.o
                0x0000000008003a6c                USB_SetCurrentMode
 .text.USB_DevInit
                0x0000000008003a84       0x40 ./Drivers/STM32F1xx_HAL_Driver/Src/stm32f1xx_ll_usb.o
                0x0000000008003a84                USB_DevInit
 .text.USB_ActivateEndpoint
                0x0000000008003ac4      0x780 ./Drivers/STM32F1xx_HAL_Driver/Src/stm32f1xx_ll_usb.o
                0x0000000008003ac4                USB_ActivateEndpoint
 .text.USB_DeactivateEndpoint
                0x0000000008004244      0x3d8 ./Drivers/STM32F1xx_HAL_Driver/Src/stm32f1xx_ll_usb.o
                0x0000000008004244                USB_DeactivateEndpoint
 .text.USB_EPStartXfer
                0x000000000800461c     0x1762 ./Drivers/STM32F1xx_HAL_Driver/Src/stm32f1xx_ll_usb.o
                0x000000000800461c                USB_EPStartXfer
 .text.USB_EPSetStall
                0x0000000008005d7e       0xa0 ./Drivers/STM32F1xx_HAL_Driver/Src/stm32f1xx_ll_usb.o
                0x0000000008005d7e                USB_EPSetStall
 .text.USB_EPClearStall
                0x0000000008005e1e      0x15a ./Drivers/STM32F1xx_HAL_Driver/Src/stm32f1xx_ll_usb.o
                0x0000000008005e1e                USB_EPClearStall
 .text.USB_SetDevAddress
                0x0000000008005f78       0x26 ./Drivers/STM32F1xx_HAL_Driver/Src/stm32f1xx_ll_usb.o
                0x0000000008005f78                USB_SetDevAddress
 .text.USB_DevConnect
                0x0000000008005f9e       0x14 ./Drivers/STM32F1xx_HAL_Driver/Src/stm32f1xx_ll_usb.o
                0x0000000008005f9e                USB_DevConnect
 .text.USB_DevDisconnect
                0x0000000008005fb2       0x14 ./Drivers/STM32F1xx_HAL_Driver/Src/stm32f1xx_ll_usb.o
                0x0000000008005fb2                USB_DevDisconnect
 .text.USB_ReadInterrupts
                0x0000000008005fc6       0x1e ./Drivers/STM32F1xx_HAL_Driver/Src/stm32f1xx_ll_usb.o
                0x0000000008005fc6                USB_ReadInterrupts
 .text.USB_EP0_OutStart
                0x0000000008005fe4       0x16 ./Drivers/STM32F1xx_HAL_Driver/Src/stm32f1xx_ll_usb.o
                0x0000000008005fe4                USB_EP0_OutStart
 .text.USB_WritePMA
                0x0000000008005ffa       0x8a ./Drivers/STM32F1xx_HAL_Driver/Src/stm32f1xx_ll_usb.o
                0x0000000008005ffa                USB_WritePMA
 .text.USB_ReadPMA
                0x0000000008006084       0x9e ./Drivers/STM32F1xx_HAL_Driver/Src/stm32f1xx_ll_usb.o
                0x0000000008006084                USB_ReadPMA
 .text.USBD_CDC_Init
                0x0000000008006122       0xf4 ./Middlewares/ST/STM32_USB_Device_Library/Class/CDC/Src/usbd_cdc.o
 .text.USBD_CDC_DeInit
                0x0000000008006216       0x6e ./Middlewares/ST/STM32_USB_Device_Library/Class/CDC/Src/usbd_cdc.o
 .text.USBD_CDC_Setup
                0x0000000008006284      0x146 ./Middlewares/ST/STM32_USB_Device_Library/Class/CDC/Src/usbd_cdc.o
 .text.USBD_CDC_DataIn
                0x00000000080063ca       0xa6 ./Middlewares/ST/STM32_USB_Device_Library/Class/CDC/Src/usbd_cdc.o
 .text.USBD_CDC_DataOut
                0x0000000008006470       0x56 ./Middlewares/ST/STM32_USB_Device_Library/Class/CDC/Src/usbd_cdc.o
 .text.USBD_CDC_EP0_RxReady
                0x00000000080064c6       0x50 ./Middlewares/ST/STM32_USB_Device_Library/Class/CDC/Src/usbd_cdc.o
 *fill*         0x0000000008006516        0x2 
 .text.USBD_CDC_GetFSCfgDesc
                0x0000000008006518       0x20 ./Middlewares/ST/STM32_USB_Device_Library/Class/CDC/Src/usbd_cdc.o
 .text.USBD_CDC_GetHSCfgDesc
                0x0000000008006538       0x20 ./Middlewares/ST/STM32_USB_Device_Library/Class/CDC/Src/usbd_cdc.o
 .text.USBD_CDC_GetOtherSpeedCfgDesc
                0x0000000008006558       0x20 ./Middlewares/ST/STM32_USB_Device_Library/Class/CDC/Src/usbd_cdc.o
 .text.USBD_CDC_GetDeviceQualifierDescriptor
                0x0000000008006578       0x20 ./Middlewares/ST/STM32_USB_Device_Library/Class/CDC/Src/usbd_cdc.o
                0x0000000008006578                USBD_CDC_GetDeviceQualifierDescriptor
 .text.USBD_CDC_RegisterInterface
                0x0000000008006598       0x2c ./Middlewares/ST/STM32_USB_Device_Library/Class/CDC/Src/usbd_cdc.o
                0x0000000008006598                USBD_CDC_RegisterInterface
 .text.USBD_CDC_SetTxBuffer
                0x00000000080065c4       0x32 ./Middlewares/ST/STM32_USB_Device_Library/Class/CDC/Src/usbd_cdc.o
                0x00000000080065c4                USBD_CDC_SetTxBuffer
 .text.USBD_CDC_SetRxBuffer
                0x00000000080065f6       0x26 ./Middlewares/ST/STM32_USB_Device_Library/Class/CDC/Src/usbd_cdc.o
                0x00000000080065f6                USBD_CDC_SetRxBuffer
 .text.USBD_CDC_ReceivePacket
                0x000000000800661c       0x54 ./Middlewares/ST/STM32_USB_Device_Library/Class/CDC/Src/usbd_cdc.o
                0x000000000800661c                USBD_CDC_ReceivePacket
 .text.USBD_Init
                0x0000000008006670       0x56 ./Middlewares/ST/STM32_USB_Device_Library/Core/Src/usbd_core.o
                0x0000000008006670                USBD_Init
 .text.USBD_RegisterClass
                0x00000000080066c6       0x32 ./Middlewares/ST/STM32_USB_Device_Library/Core/Src/usbd_core.o
                0x00000000080066c6                USBD_RegisterClass
 .text.USBD_Start
                0x00000000080066f8       0x18 ./Middlewares/ST/STM32_USB_Device_Library/Core/Src/usbd_core.o
                0x00000000080066f8                USBD_Start
 .text.USBD_RunTestMode
                0x0000000008006710       0x14 ./Middlewares/ST/STM32_USB_Device_Library/Core/Src/usbd_core.o
                0x0000000008006710                USBD_RunTestMode
 .text.USBD_SetClassConfig
                0x0000000008006724       0x3e ./Middlewares/ST/STM32_USB_Device_Library/Core/Src/usbd_core.o
                0x0000000008006724                USBD_SetClassConfig
 .text.USBD_ClrClassConfig
                0x0000000008006762       0x26 ./Middlewares/ST/STM32_USB_Device_Library/Core/Src/usbd_core.o
                0x0000000008006762                USBD_ClrClassConfig
 .text.USBD_LL_SetupStage
                0x0000000008006788       0x9a ./Middlewares/ST/STM32_USB_Device_Library/Core/Src/usbd_core.o
                0x0000000008006788                USBD_LL_SetupStage
 .text.USBD_LL_DataOutStage
                0x0000000008006822       0xe2 ./Middlewares/ST/STM32_USB_Device_Library/Core/Src/usbd_core.o
                0x0000000008006822                USBD_LL_DataOutStage
 .text.USBD_LL_DataInStage
                0x0000000008006904      0x14a ./Middlewares/ST/STM32_USB_Device_Library/Core/Src/usbd_core.o
                0x0000000008006904                USBD_LL_DataInStage
 .text.USBD_LL_Reset
                0x0000000008006a4e       0x82 ./Middlewares/ST/STM32_USB_Device_Library/Core/Src/usbd_core.o
                0x0000000008006a4e                USBD_LL_Reset
 .text.USBD_LL_SetSpeed
                0x0000000008006ad0       0x1e ./Middlewares/ST/STM32_USB_Device_Library/Core/Src/usbd_core.o
                0x0000000008006ad0                USBD_LL_SetSpeed
 .text.USBD_LL_Suspend
                0x0000000008006aee       0x28 ./Middlewares/ST/STM32_USB_Device_Library/Core/Src/usbd_core.o
                0x0000000008006aee                USBD_LL_Suspend
 .text.USBD_LL_Resume
                0x0000000008006b16       0x2a ./Middlewares/ST/STM32_USB_Device_Library/Core/Src/usbd_core.o
                0x0000000008006b16                USBD_LL_Resume
 .text.USBD_LL_SOF
                0x0000000008006b40       0x34 ./Middlewares/ST/STM32_USB_Device_Library/Core/Src/usbd_core.o
                0x0000000008006b40                USBD_LL_SOF
 .text.USBD_StdDevReq
                0x0000000008006b74       0xd4 ./Middlewares/ST/STM32_USB_Device_Library/Core/Src/usbd_ctlreq.o
                0x0000000008006b74                USBD_StdDevReq
 .text.USBD_StdItfReq
                0x0000000008006c48       0x90 ./Middlewares/ST/STM32_USB_Device_Library/Core/Src/usbd_ctlreq.o
                0x0000000008006c48                USBD_StdItfReq
 .text.USBD_StdEPReq
                0x0000000008006cd8      0x2c6 ./Middlewares/ST/STM32_USB_Device_Library/Core/Src/usbd_ctlreq.o
                0x0000000008006cd8                USBD_StdEPReq
 *fill*         0x0000000008006f9e        0x2 
 .text.USBD_GetDescriptor
                0x0000000008006fa0      0x2d0 ./Middlewares/ST/STM32_USB_Device_Library/Core/Src/usbd_ctlreq.o
 .text.USBD_SetAddress
                0x0000000008007270       0x86 ./Middlewares/ST/STM32_USB_Device_Library/Core/Src/usbd_ctlreq.o
 *fill*         0x00000000080072f6        0x2 
 .text.USBD_SetConfig
                0x00000000080072f8      0x11c ./Middlewares/ST/STM32_USB_Device_Library/Core/Src/usbd_ctlreq.o
 .text.USBD_GetConfig
                0x0000000008007414       0x6a ./Middlewares/ST/STM32_USB_Device_Library/Core/Src/usbd_ctlreq.o
 .text.USBD_GetStatus
                0x000000000800747e       0x66 ./Middlewares/ST/STM32_USB_Device_Library/Core/Src/usbd_ctlreq.o
 .text.USBD_SetFeature
                0x00000000080074e4       0x28 ./Middlewares/ST/STM32_USB_Device_Library/Core/Src/usbd_ctlreq.o
 .text.USBD_ClrFeature
                0x000000000800750c       0x42 ./Middlewares/ST/STM32_USB_Device_Library/Core/Src/usbd_ctlreq.o
 .text.USBD_ParseSetupRequest
                0x000000000800754e       0x78 ./Middlewares/ST/STM32_USB_Device_Library/Core/Src/usbd_ctlreq.o
                0x000000000800754e                USBD_ParseSetupRequest
 .text.USBD_CtlError
                0x00000000080075c6       0x22 ./Middlewares/ST/STM32_USB_Device_Library/Core/Src/usbd_ctlreq.o
                0x00000000080075c6                USBD_CtlError
 .text.USBD_GetString
                0x00000000080075e8       0x84 ./Middlewares/ST/STM32_USB_Device_Library/Core/Src/usbd_ctlreq.o
                0x00000000080075e8                USBD_GetString
 .text.USBD_GetLen
                0x000000000800766c       0x2e ./Middlewares/ST/STM32_USB_Device_Library/Core/Src/usbd_ctlreq.o
 .text.USBD_CtlSendData
                0x000000000800769a       0x38 ./Middlewares/ST/STM32_USB_Device_Library/Core/Src/usbd_ioreq.o
                0x000000000800769a                USBD_CtlSendData
 .text.USBD_CtlContinueSendData
                0x00000000080076d2       0x24 ./Middlewares/ST/STM32_USB_Device_Library/Core/Src/usbd_ioreq.o
                0x00000000080076d2                USBD_CtlContinueSendData
 .text.USBD_CtlPrepareRx
                0x00000000080076f6       0x3c ./Middlewares/ST/STM32_USB_Device_Library/Core/Src/usbd_ioreq.o
                0x00000000080076f6                USBD_CtlPrepareRx
 .text.USBD_CtlContinueRx
                0x0000000008007732       0x24 ./Middlewares/ST/STM32_USB_Device_Library/Core/Src/usbd_ioreq.o
                0x0000000008007732                USBD_CtlContinueRx
 .text.USBD_CtlSendStatus
                0x0000000008007756       0x26 ./Middlewares/ST/STM32_USB_Device_Library/Core/Src/usbd_ioreq.o
                0x0000000008007756                USBD_CtlSendStatus
 .text.USBD_CtlReceiveStatus
                0x000000000800777c       0x26 ./Middlewares/ST/STM32_USB_Device_Library/Core/Src/usbd_ioreq.o
                0x000000000800777c                USBD_CtlReceiveStatus
 *fill*         0x00000000080077a2        0x2 
 .text.MX_USB_DEVICE_Init
                0x00000000080077a4       0x60 ./USB_DEVICE/App/usb_device.o
                0x00000000080077a4                MX_USB_DEVICE_Init
 .text.CDC_Init_FS
                0x0000000008007804       0x28 ./USB_DEVICE/App/usbd_cdc_if.o
 .text.CDC_DeInit_FS
                0x000000000800782c        0xe ./USB_DEVICE/App/usbd_cdc_if.o
 *fill*         0x000000000800783a        0x2 
 .text.CDC_Control_FS
                0x000000000800783c       0xbc ./USB_DEVICE/App/usbd_cdc_if.o
 .text.CDC_Receive_FS
                0x00000000080078f8       0x28 ./USB_DEVICE/App/usbd_cdc_if.o
 .text.USBD_FS_DeviceDescriptor
                0x0000000008007920       0x24 ./USB_DEVICE/App/usbd_desc.o
                0x0000000008007920                USBD_FS_DeviceDescriptor
 .text.USBD_FS_LangIDStrDescriptor
                0x0000000008007944       0x24 ./USB_DEVICE/App/usbd_desc.o
                0x0000000008007944                USBD_FS_LangIDStrDescriptor
 .text.USBD_FS_ProductStrDescriptor
                0x0000000008007968       0x3c ./USB_DEVICE/App/usbd_desc.o
                0x0000000008007968                USBD_FS_ProductStrDescriptor
 .text.USBD_FS_ManufacturerStrDescriptor
                0x00000000080079a4       0x28 ./USB_DEVICE/App/usbd_desc.o
                0x00000000080079a4                USBD_FS_ManufacturerStrDescriptor
 .text.USBD_FS_SerialStrDescriptor
                0x00000000080079cc       0x24 ./USB_DEVICE/App/usbd_desc.o
                0x00000000080079cc                USBD_FS_SerialStrDescriptor
 .text.USBD_FS_ConfigStrDescriptor
                0x00000000080079f0       0x3c ./USB_DEVICE/App/usbd_desc.o
                0x00000000080079f0                USBD_FS_ConfigStrDescriptor
 .text.USBD_FS_InterfaceStrDescriptor
                0x0000000008007a2c       0x3c ./USB_DEVICE/App/usbd_desc.o
                0x0000000008007a2c                USBD_FS_InterfaceStrDescriptor
 .text.Get_SerialNum
                0x0000000008007a68       0x58 ./USB_DEVICE/App/usbd_desc.o
 .text.IntToUnicode
                0x0000000008007ac0       0x7c ./USB_DEVICE/App/usbd_desc.o
 .text.HAL_PCD_MspInit
                0x0000000008007b3c       0x4c ./USB_DEVICE/Target/usbd_conf.o
                0x0000000008007b3c                HAL_PCD_MspInit
 .text.HAL_PCD_SetupStageCallback
                0x0000000008007b88       0x24 ./USB_DEVICE/Target/usbd_conf.o
                0x0000000008007b88                HAL_PCD_SetupStageCallback
 .text.HAL_PCD_DataOutStageCallback
                0x0000000008007bac       0x36 ./USB_DEVICE/Target/usbd_conf.o
                0x0000000008007bac                HAL_PCD_DataOutStageCallback
 .text.HAL_PCD_DataInStageCallback
                0x0000000008007be2       0x34 ./USB_DEVICE/Target/usbd_conf.o
                0x0000000008007be2                HAL_PCD_DataInStageCallback
 .text.HAL_PCD_SOFCallback
                0x0000000008007c16       0x1c ./USB_DEVICE/Target/usbd_conf.o
                0x0000000008007c16                HAL_PCD_SOFCallback
 .text.HAL_PCD_ResetCallback
                0x0000000008007c32       0x3c ./USB_DEVICE/Target/usbd_conf.o
                0x0000000008007c32                HAL_PCD_ResetCallback
 *fill*         0x0000000008007c6e        0x2 
 .text.HAL_PCD_SuspendCallback
                0x0000000008007c70       0x34 ./USB_DEVICE/Target/usbd_conf.o
                0x0000000008007c70                HAL_PCD_SuspendCallback
 .text.HAL_PCD_ResumeCallback
                0x0000000008007ca4       0x1c ./USB_DEVICE/Target/usbd_conf.o
                0x0000000008007ca4                HAL_PCD_ResumeCallback
 .text.USBD_LL_Init
                0x0000000008007cc0       0xb4 ./USB_DEVICE/Target/usbd_conf.o
                0x0000000008007cc0                USBD_LL_Init
 .text.USBD_LL_Start
                0x0000000008007d74       0x36 ./USB_DEVICE/Target/usbd_conf.o
                0x0000000008007d74                USBD_LL_Start
 .text.USBD_LL_OpenEP
                0x0000000008007daa       0x4c ./USB_DEVICE/Target/usbd_conf.o
                0x0000000008007daa                USBD_LL_OpenEP
 .text.USBD_LL_CloseEP
                0x0000000008007df6       0x3e ./USB_DEVICE/Target/usbd_conf.o
                0x0000000008007df6                USBD_LL_CloseEP
 .text.USBD_LL_StallEP
                0x0000000008007e34       0x3e ./USB_DEVICE/Target/usbd_conf.o
                0x0000000008007e34                USBD_LL_StallEP
 .text.USBD_LL_ClearStallEP
                0x0000000008007e72       0x3e ./USB_DEVICE/Target/usbd_conf.o
                0x0000000008007e72                USBD_LL_ClearStallEP
 .text.USBD_LL_IsStallEP
                0x0000000008007eb0       0x58 ./USB_DEVICE/Target/usbd_conf.o
                0x0000000008007eb0                USBD_LL_IsStallEP
 .text.USBD_LL_SetUSBAddress
                0x0000000008007f08       0x3e ./USB_DEVICE/Target/usbd_conf.o
                0x0000000008007f08                USBD_LL_SetUSBAddress
 .text.USBD_LL_Transmit
                0x0000000008007f46       0x46 ./USB_DEVICE/Target/usbd_conf.o
                0x0000000008007f46                USBD_LL_Transmit
 .text.USBD_LL_PrepareReceive
                0x0000000008007f8c       0x46 ./USB_DEVICE/Target/usbd_conf.o
                0x0000000008007f8c                USBD_LL_PrepareReceive
 .text.USBD_LL_GetRxDataSize
                0x0000000008007fd2       0x26 ./USB_DEVICE/Target/usbd_conf.o
                0x0000000008007fd2                USBD_LL_GetRxDataSize
 .text.USBD_static_malloc
                0x0000000008007ff8       0x18 ./USB_DEVICE/Target/usbd_conf.o
                0x0000000008007ff8                USBD_static_malloc
 .text.USBD_static_free
                0x0000000008008010       0x12 ./USB_DEVICE/Target/usbd_conf.o
                0x0000000008008010                USBD_static_free
 .text.HAL_PCDEx_SetConnectionState
                0x0000000008008022       0x16 ./USB_DEVICE/Target/usbd_conf.o
                0x0000000008008022                HAL_PCDEx_SetConnectionState
 .text.USBD_Get_USB_Status
                0x0000000008008038       0x58 ./USB_DEVICE/Target/usbd_conf.o
 .text.__libc_init_array
                0x0000000008008090       0x48 c:/st/stm32cubeide_1.10.1/stm32cubeide/plugins/com.st.stm32cube.ide.mcu.externaltools.gnu-tools-for-stm32.10.3-2021.10.win32_1.0.200.202301161003/tools/bin/../lib/gcc/arm-none-eabi/10.3.1/../../../../arm-none-eabi/lib/thumb/v7-m/nofp\libc_nano.a(lib_a-init.o)
                0x0000000008008090                __libc_init_array
 .text.memset   0x00000000080080d8       0x10 c:/st/stm32cubeide_1.10.1/stm32cubeide/plugins/com.st.stm32cube.ide.mcu.externaltools.gnu-tools-for-stm32.10.3-2021.10.win32_1.0.200.202301161003/tools/bin/../lib/gcc/arm-none-eabi/10.3.1/../../../../arm-none-eabi/lib/thumb/v7-m/nofp\libc_nano.a(lib_a-memset.o)
                0x00000000080080d8                memset
 *(.glue_7)
 .glue_7        0x00000000080080e8        0x0 linker stubs
 *(.glue_7t)
 .glue_7t       0x00000000080080e8        0x0 linker stubs
 *(.eh_frame)
 .eh_frame      0x00000000080080e8        0x0 c:/st/stm32cubeide_1.10.1/stm32cubeide/plugins/com.st.stm32cube.ide.mcu.externaltools.gnu-tools-for-stm32.10.3-2021.10.win32_1.0.200.202301161003/tools/bin/../lib/gcc/arm-none-eabi/10.3.1/thumb/v7-m/nofp/crtbegin.o
 *(.init)
 .init          0x00000000080080e8        0x4 c:/st/stm32cubeide_1.10.1/stm32cubeide/plugins/com.st.stm32cube.ide.mcu.externaltools.gnu-tools-for-stm32.10.3-2021.10.win32_1.0.200.202301161003/tools/bin/../lib/gcc/arm-none-eabi/10.3.1/thumb/v7-m/nofp/crti.o
                0x00000000080080e8                _init
 .init          0x00000000080080ec        0x8 c:/st/stm32cubeide_1.10.1/stm32cubeide/plugins/com.st.stm32cube.ide.mcu.externaltools.gnu-tools-for-stm32.10.3-2021.10.win32_1.0.200.202301161003/tools/bin/../lib/gcc/arm-none-eabi/10.3.1/thumb/v7-m/nofp/crtn.o
 *(.fini)
 .fini          0x00000000080080f4        0x4 c:/st/stm32cubeide_1.10.1/stm32cubeide/plugins/com.st.stm32cube.ide.mcu.externaltools.gnu-tools-for-stm32.10.3-2021.10.win32_1.0.200.202301161003/tools/bin/../lib/gcc/arm-none-eabi/10.3.1/thumb/v7-m/nofp/crti.o
                0x00000000080080f4                _fini
 .fini          0x00000000080080f8        0x8 c:/st/stm32cubeide_1.10.1/stm32cubeide/plugins/com.st.stm32cube.ide.mcu.externaltools.gnu-tools-for-stm32.10.3-2021.10.win32_1.0.200.202301161003/tools/bin/../lib/gcc/arm-none-eabi/10.3.1/thumb/v7-m/nofp/crtn.o
                0x0000000008008100                . = ALIGN (0x4)
                0x0000000008008100                _etext = .

.vfp11_veneer   0x0000000008008100        0x0
 .vfp11_veneer  0x0000000008008100        0x0 linker stubs

.v4_bx          0x0000000008008100        0x0
 .v4_bx         0x0000000008008100        0x0 linker stubs

.iplt           0x0000000008008100        0x0
 .iplt          0x0000000008008100        0x0 c:/st/stm32cubeide_1.10.1/stm32cubeide/plugins/com.st.stm32cube.ide.mcu.externaltools.gnu-tools-for-stm32.10.3-2021.10.win32_1.0.200.202301161003/tools/bin/../lib/gcc/arm-none-eabi/10.3.1/thumb/v7-m/nofp/crtbegin.o

.rodata         0x0000000008008100       0x74
                0x0000000008008100                . = ALIGN (0x4)
 *(.rodata)
 .rodata        0x0000000008008100       0x46 ./USB_DEVICE/App/usbd_desc.o
 *(.rodata*)
 *fill*         0x0000000008008146        0x2 
 .rodata.AHBPrescTable
                0x0000000008008148       0x10 ./Core/Src/system_stm32f1xx.o
                0x0000000008008148                AHBPrescTable
 .rodata.APBPrescTable
                0x0000000008008158        0x8 ./Core/Src/system_stm32f1xx.o
                0x0000000008008158                APBPrescTable
 .rodata.aPLLMULFactorTable.1
                0x0000000008008160       0x10 ./Drivers/STM32F1xx_HAL_Driver/Src/stm32f1xx_hal_rcc.o
 .rodata.aPredivFactorTable.0
                0x0000000008008170        0x2 ./Drivers/STM32F1xx_HAL_Driver/Src/stm32f1xx_hal_rcc.o
                0x0000000008008174                . = ALIGN (0x4)
 *fill*         0x0000000008008172        0x2 

.rel.dyn        0x0000000008008174        0x0
 .rel.iplt      0x0000000008008174        0x0 c:/st/stm32cubeide_1.10.1/stm32cubeide/plugins/com.st.stm32cube.ide.mcu.externaltools.gnu-tools-for-stm32.10.3-2021.10.win32_1.0.200.202301161003/tools/bin/../lib/gcc/arm-none-eabi/10.3.1/thumb/v7-m/nofp/crtbegin.o

.ARM.extab      0x0000000008008174        0x0
                0x0000000008008174                . = ALIGN (0x4)
 *(.ARM.extab* .gnu.linkonce.armextab.*)
                0x0000000008008174                . = ALIGN (0x4)

.ARM            0x0000000008008174        0x0
                0x0000000008008174                . = ALIGN (0x4)
                0x0000000008008174                __exidx_start = .
 *(.ARM.exidx*)
                0x0000000008008174                __exidx_end = .
                0x0000000008008174                . = ALIGN (0x4)

.preinit_array  0x0000000008008174        0x0
                0x0000000008008174                . = ALIGN (0x4)
                0x0000000008008174                PROVIDE (__preinit_array_start = .)
 *(.preinit_array*)
                0x0000000008008174                PROVIDE (__preinit_array_end = .)
                0x0000000008008174                . = ALIGN (0x4)

.init_array     0x0000000008008174        0x4
                0x0000000008008174                . = ALIGN (0x4)
                0x0000000008008174                PROVIDE (__init_array_start = .)
 *(SORT_BY_NAME(.init_array.*))
 *(.init_array*)
 .init_array    0x0000000008008174        0x4 c:/st/stm32cubeide_1.10.1/stm32cubeide/plugins/com.st.stm32cube.ide.mcu.externaltools.gnu-tools-for-stm32.10.3-2021.10.win32_1.0.200.202301161003/tools/bin/../lib/gcc/arm-none-eabi/10.3.1/thumb/v7-m/nofp/crtbegin.o
                0x0000000008008178                PROVIDE (__init_array_end = .)
                0x0000000008008178                . = ALIGN (0x4)

.fini_array     0x0000000008008178        0x4
                0x0000000008008178                . = ALIGN (0x4)
                [!provide]                        PROVIDE (__fini_array_start = .)
 *(SORT_BY_NAME(.fini_array.*))
 *(.fini_array*)
 .fini_array    0x0000000008008178        0x4 c:/st/stm32cubeide_1.10.1/stm32cubeide/plugins/com.st.stm32cube.ide.mcu.externaltools.gnu-tools-for-stm32.10.3-2021.10.win32_1.0.200.202301161003/tools/bin/../lib/gcc/arm-none-eabi/10.3.1/thumb/v7-m/nofp/crtbegin.o
                [!provide]                        PROVIDE (__fini_array_end = .)
                0x000000000800817c                . = ALIGN (0x4)
                0x000000000800817c                _sidata = LOADADDR (.data)

.data           0x0000000020000000      0x17c load address 0x000000000800817c
                0x0000000020000000                . = ALIGN (0x4)
                0x0000000020000000                _sdata = .
 *(.data)
 *(.data*)
 .data.SystemCoreClock
                0x0000000020000000        0x4 ./Core/Src/system_stm32f1xx.o
                0x0000000020000000                SystemCoreClock
 .data.uwTickPrio
                0x0000000020000004        0x4 ./Drivers/STM32F1xx_HAL_Driver/Src/stm32f1xx_hal.o
                0x0000000020000004                uwTickPrio
 .data.uwTickFreq
                0x0000000020000008        0x1 ./Drivers/STM32F1xx_HAL_Driver/Src/stm32f1xx_hal.o
                0x0000000020000008                uwTickFreq
 *fill*         0x0000000020000009        0x3 
 .data.USBD_CDC_DeviceQualifierDesc
                0x000000002000000c        0xa ./Middlewares/ST/STM32_USB_Device_Library/Class/CDC/Src/usbd_cdc.o
 *fill*         0x0000000020000016        0x2 
 .data.USBD_CDC
                0x0000000020000018       0x38 ./Middlewares/ST/STM32_USB_Device_Library/Class/CDC/Src/usbd_cdc.o
                0x0000000020000018                USBD_CDC
 .data.USBD_CDC_CfgHSDesc
                0x0000000020000050       0x43 ./Middlewares/ST/STM32_USB_Device_Library/Class/CDC/Src/usbd_cdc.o
                0x0000000020000050                USBD_CDC_CfgHSDesc
 *fill*         0x0000000020000093        0x1 
 .data.USBD_CDC_CfgFSDesc
                0x0000000020000094       0x43 ./Middlewares/ST/STM32_USB_Device_Library/Class/CDC/Src/usbd_cdc.o
                0x0000000020000094                USBD_CDC_CfgFSDesc
 *fill*         0x00000000200000d7        0x1 
 .data.USBD_CDC_OtherSpeedCfgDesc
                0x00000000200000d8       0x43 ./Middlewares/ST/STM32_USB_Device_Library/Class/CDC/Src/usbd_cdc.o
                0x00000000200000d8                USBD_CDC_OtherSpeedCfgDesc
 *fill*         0x000000002000011b        0x1 
 .data.USBD_Interface_fops_FS
                0x000000002000011c       0x10 ./USB_DEVICE/App/usbd_cdc_if.o
                0x000000002000011c                USBD_Interface_fops_FS
 .data.FS_Desc  0x000000002000012c       0x1c ./USB_DEVICE/App/usbd_desc.o
                0x000000002000012c                FS_Desc
 .data.USBD_FS_DeviceDesc
                0x0000000020000148       0x12 ./USB_DEVICE/App/usbd_desc.o
                0x0000000020000148                USBD_FS_DeviceDesc
 *fill*         0x000000002000015a        0x2 
 .data.USBD_LangIDDesc
                0x000000002000015c        0x4 ./USB_DEVICE/App/usbd_desc.o
                0x000000002000015c                USBD_LangIDDesc
 .data.USBD_StringSerial
                0x0000000020000160       0x1a ./USB_DEVICE/App/usbd_desc.o
                0x0000000020000160                USBD_StringSerial
 *(.RamFunc)
 *(.RamFunc*)
                0x000000002000017c                . = ALIGN (0x4)
 *fill*         0x000000002000017a        0x2 
                0x000000002000017c                _edata = .

.igot.plt       0x000000002000017c        0x0 load address 0x00000000080082f8
 .igot.plt      0x000000002000017c        0x0 c:/st/stm32cubeide_1.10.1/stm32cubeide/plugins/com.st.stm32cube.ide.mcu.externaltools.gnu-tools-for-stm32.10.3-2021.10.win32_1.0.200.202301161003/tools/bin/../lib/gcc/arm-none-eabi/10.3.1/thumb/v7-m/nofp/crtbegin.o
                0x000000002000017c                . = ALIGN (0x4)

.bss            0x000000002000017c     0x1288 load address 0x00000000080082f8
                0x000000002000017c                _sbss = .
                0x000000002000017c                __bss_start__ = _sbss
 *(.bss)
 .bss           0x000000002000017c       0x1c c:/st/stm32cubeide_1.10.1/stm32cubeide/plugins/com.st.stm32cube.ide.mcu.externaltools.gnu-tools-for-stm32.10.3-2021.10.win32_1.0.200.202301161003/tools/bin/../lib/gcc/arm-none-eabi/10.3.1/thumb/v7-m/nofp/crtbegin.o
 *(.bss*)
 .bss.htim1     0x0000000020000198       0x48 ./Core/Src/main.o
                0x0000000020000198                htim1
 .bss.huart1    0x00000000200001e0       0x48 ./Core/Src/main.o
                0x00000000200001e0                huart1
 .bss.uwTick    0x0000000020000228        0x4 ./Drivers/STM32F1xx_HAL_Driver/Src/stm32f1xx_hal.o
                0x0000000020000228                uwTick
 .bss.cfgidx.0  0x000000002000022c        0x1 ./Middlewares/ST/STM32_USB_Device_Library/Core/Src/usbd_ctlreq.o
 *fill*         0x000000002000022d        0x3 
 .bss.hUsbDeviceFS
                0x0000000020000230      0x2c4 ./USB_DEVICE/App/usb_device.o
                0x0000000020000230                hUsbDeviceFS
 .bss.UserRxBufferFS
                0x00000000200004f4      0x400 ./USB_DEVICE/App/usbd_cdc_if.o
                0x00000000200004f4                UserRxBufferFS
 .bss.UserTxBufferFS
                0x00000000200008f4      0x400 ./USB_DEVICE/App/usbd_cdc_if.o
                0x00000000200008f4                UserTxBufferFS
 .bss.USBD_StrDesc
                0x0000000020000cf4      0x200 ./USB_DEVICE/App/usbd_desc.o
                0x0000000020000cf4                USBD_StrDesc
 .bss.hpcd_USB_FS
                0x0000000020000ef4      0x2f0 ./USB_DEVICE/Target/usbd_conf.o
                0x0000000020000ef4                hpcd_USB_FS
 .bss.mem.0     0x00000000200011e4      0x220 ./USB_DEVICE/Target/usbd_conf.o
 *(COMMON)
                0x0000000020001404                . = ALIGN (0x4)
                0x0000000020001404                _ebss = .
                0x0000000020001404                __bss_end__ = _ebss

._user_heap_stack
                0x0000000020001404      0x604 load address 0x00000000080082f8
                0x0000000020001408                . = ALIGN (0x8)
 *fill*         0x0000000020001404        0x4 
                [!provide]                        PROVIDE (end = .)
                0x0000000020001408                PROVIDE (_end = .)
                0x0000000020001608                . = (. + _Min_Heap_Size)
 *fill*         0x0000000020001408      0x200 
                0x0000000020001a08                . = (. + _Min_Stack_Size)
 *fill*         0x0000000020001608      0x400 
                0x0000000020001a08                . = ALIGN (0x8)

/DISCARD/
 libc.a(*)
 libm.a(*)
 libgcc.a(*)

.ARM.attributes
                0x0000000000000000       0x29
 *(.ARM.attributes)
 .ARM.attributes
                0x0000000000000000       0x1d c:/st/stm32cubeide_1.10.1/stm32cubeide/plugins/com.st.stm32cube.ide.mcu.externaltools.gnu-tools-for-stm32.10.3-2021.10.win32_1.0.200.202301161003/tools/bin/../lib/gcc/arm-none-eabi/10.3.1/thumb/v7-m/nofp/crti.o
 .ARM.attributes
                0x000000000000001d       0x2d c:/st/stm32cubeide_1.10.1/stm32cubeide/plugins/com.st.stm32cube.ide.mcu.externaltools.gnu-tools-for-stm32.10.3-2021.10.win32_1.0.200.202301161003/tools/bin/../lib/gcc/arm-none-eabi/10.3.1/thumb/v7-m/nofp/crtbegin.o
 .ARM.attributes
                0x000000000000004a       0x2d ./Core/Src/main.o
 .ARM.attributes
                0x0000000000000077       0x2d ./Core/Src/stm32f1xx_hal_msp.o
 .ARM.attributes
                0x00000000000000a4       0x2d ./Core/Src/stm32f1xx_it.o
 .ARM.attributes
                0x00000000000000d1       0x2d ./Core/Src/system_stm32f1xx.o
 .ARM.attributes
                0x00000000000000fe       0x21 ./Core/Startup/startup_stm32f103c8tx.o
 .ARM.attributes
                0x000000000000011f       0x2d ./Drivers/STM32F1xx_HAL_Driver/Src/stm32f1xx_hal.o
 .ARM.attributes
                0x000000000000014c       0x2d ./Drivers/STM32F1xx_HAL_Driver/Src/stm32f1xx_hal_cortex.o
 .ARM.attributes
                0x0000000000000179       0x2d ./Drivers/STM32F1xx_HAL_Driver/Src/stm32f1xx_hal_gpio.o
 .ARM.attributes
                0x00000000000001a6       0x2d ./Drivers/STM32F1xx_HAL_Driver/Src/stm32f1xx_hal_pcd.o
 .ARM.attributes
                0x00000000000001d3       0x2d ./Drivers/STM32F1xx_HAL_Driver/Src/stm32f1xx_hal_pcd_ex.o
 .ARM.attributes
                0x0000000000000200       0x2d ./Drivers/STM32F1xx_HAL_Driver/Src/stm32f1xx_hal_rcc.o
 .ARM.attributes
                0x000000000000022d       0x2d ./Drivers/STM32F1xx_HAL_Driver/Src/stm32f1xx_hal_rcc_ex.o
 .ARM.attributes
                0x000000000000025a       0x2d ./Drivers/STM32F1xx_HAL_Driver/Src/stm32f1xx_hal_tim.o
 .ARM.attributes
                0x0000000000000287       0x2d ./Drivers/STM32F1xx_HAL_Driver/Src/stm32f1xx_hal_tim_ex.o
 .ARM.attributes
                0x00000000000002b4       0x2d ./Drivers/STM32F1xx_HAL_Driver/Src/stm32f1xx_hal_uart.o
 .ARM.attributes
                0x00000000000002e1       0x2d ./Drivers/STM32F1xx_HAL_Driver/Src/stm32f1xx_ll_usb.o
 .ARM.attributes
                0x000000000000030e       0x2d ./Middlewares/ST/STM32_USB_Device_Library/Class/CDC/Src/usbd_cdc.o
 .ARM.attributes
                0x000000000000033b       0x2d ./Middlewares/ST/STM32_USB_Device_Library/Core/Src/usbd_core.o
 .ARM.attributes
                0x0000000000000368       0x2d ./Middlewares/ST/STM32_USB_Device_Library/Core/Src/usbd_ctlreq.o
 .ARM.attributes
                0x0000000000000395       0x2d ./Middlewares/ST/STM32_USB_Device_Library/Core/Src/usbd_ioreq.o
 .ARM.attributes
                0x00000000000003c2       0x2d ./USB_DEVICE/App/usb_device.o
 .ARM.attributes
                0x00000000000003ef       0x2d ./USB_DEVICE/App/usbd_cdc_if.o
 .ARM.attributes
                0x000000000000041c       0x2d ./USB_DEVICE/App/usbd_desc.o
 .ARM.attributes
                0x0000000000000449       0x2d ./USB_DEVICE/Target/usbd_conf.o
 .ARM.attributes
                0x0000000000000476       0x2d c:/st/stm32cubeide_1.10.1/stm32cubeide/plugins/com.st.stm32cube.ide.mcu.externaltools.gnu-tools-for-stm32.10.3-2021.10.win32_1.0.200.202301161003/tools/bin/../lib/gcc/arm-none-eabi/10.3.1/../../../../arm-none-eabi/lib/thumb/v7-m/nofp\libc_nano.a(lib_a-init.o)
 .ARM.attributes
                0x00000000000004a3       0x2d c:/st/stm32cubeide_1.10.1/stm32cubeide/plugins/com.st.stm32cube.ide.mcu.externaltools.gnu-tools-for-stm32.10.3-2021.10.win32_1.0.200.202301161003/tools/bin/../lib/gcc/arm-none-eabi/10.3.1/../../../../arm-none-eabi/lib/thumb/v7-m/nofp\libc_nano.a(lib_a-memset.o)
 .ARM.attributes
                0x00000000000004d0       0x1d c:/st/stm32cubeide_1.10.1/stm32cubeide/plugins/com.st.stm32cube.ide.mcu.externaltools.gnu-tools-for-stm32.10.3-2021.10.win32_1.0.200.202301161003/tools/bin/../lib/gcc/arm-none-eabi/10.3.1/thumb/v7-m/nofp/crtn.o
OUTPUT(posit-firmware.elf elf32-littlearm)
LOAD linker stubs
LOAD c:/st/stm32cubeide_1.10.1/stm32cubeide/plugins/com.st.stm32cube.ide.mcu.externaltools.gnu-tools-for-stm32.10.3-2021.10.win32_1.0.200.202301161003/tools/bin/../lib/gcc/arm-none-eabi/10.3.1/../../../../arm-none-eabi/lib/thumb/v7-m/nofp\libc.a
LOAD c:/st/stm32cubeide_1.10.1/stm32cubeide/plugins/com.st.stm32cube.ide.mcu.externaltools.gnu-tools-for-stm32.10.3-2021.10.win32_1.0.200.202301161003/tools/bin/../lib/gcc/arm-none-eabi/10.3.1/../../../../arm-none-eabi/lib/thumb/v7-m/nofp\libm.a
LOAD c:/st/stm32cubeide_1.10.1/stm32cubeide/plugins/com.st.stm32cube.ide.mcu.externaltools.gnu-tools-for-stm32.10.3-2021.10.win32_1.0.200.202301161003/tools/bin/../lib/gcc/arm-none-eabi/10.3.1/thumb/v7-m/nofp\libgcc.a

.debug_info     0x0000000000000000    0x14dd0
 .debug_info    0x0000000000000000     0x1005 ./Core/Src/main.o
 .debug_info    0x0000000000001005      0xc1a ./Core/Src/stm32f1xx_hal_msp.o
 .debug_info    0x0000000000001c1f      0x653 ./Core/Src/stm32f1xx_it.o
 .debug_info    0x0000000000002272      0x23d ./Core/Src/system_stm32f1xx.o
 .debug_info    0x00000000000024af       0x22 ./Core/Startup/startup_stm32f103c8tx.o
 .debug_info    0x00000000000024d1      0x734 ./Drivers/STM32F1xx_HAL_Driver/Src/stm32f1xx_hal.o
 .debug_info    0x0000000000002c05      0xb20 ./Drivers/STM32F1xx_HAL_Driver/Src/stm32f1xx_hal_cortex.o
 .debug_info    0x0000000000003725      0x615 ./Drivers/STM32F1xx_HAL_Driver/Src/stm32f1xx_hal_gpio.o
 .debug_info    0x0000000000003d3a     0x182e ./Drivers/STM32F1xx_HAL_Driver/Src/stm32f1xx_hal_pcd.o
 .debug_info    0x0000000000005568      0x71a ./Drivers/STM32F1xx_HAL_Driver/Src/stm32f1xx_hal_pcd_ex.o
 .debug_info    0x0000000000005c82      0x865 ./Drivers/STM32F1xx_HAL_Driver/Src/stm32f1xx_hal_rcc.o
 .debug_info    0x00000000000064e7      0x3e6 ./Drivers/STM32F1xx_HAL_Driver/Src/stm32f1xx_hal_rcc_ex.o
 .debug_info    0x00000000000068cd     0x2bab ./Drivers/STM32F1xx_HAL_Driver/Src/stm32f1xx_hal_tim.o
 .debug_info    0x0000000000009478     0x15c7 ./Drivers/STM32F1xx_HAL_Driver/Src/stm32f1xx_hal_tim_ex.o
 .debug_info    0x000000000000aa3f     0x31b2 ./Drivers/STM32F1xx_HAL_Driver/Src/stm32f1xx_hal_uart.o
 .debug_info    0x000000000000dbf1     0x18d8 ./Drivers/STM32F1xx_HAL_Driver/Src/stm32f1xx_ll_usb.o
 .debug_info    0x000000000000f4c9     0x10e3 ./Middlewares/ST/STM32_USB_Device_Library/Class/CDC/Src/usbd_cdc.o
 .debug_info    0x00000000000105ac      0xb02 ./Middlewares/ST/STM32_USB_Device_Library/Core/Src/usbd_core.o
 .debug_info    0x00000000000110ae      0x9b6 ./Middlewares/ST/STM32_USB_Device_Library/Core/Src/usbd_ctlreq.o
 .debug_info    0x0000000000011a64      0x715 ./Middlewares/ST/STM32_USB_Device_Library/Core/Src/usbd_ioreq.o
 .debug_info    0x0000000000012179      0x679 ./USB_DEVICE/App/usb_device.o
 .debug_info    0x00000000000127f2      0x828 ./USB_DEVICE/App/usbd_cdc_if.o
 .debug_info    0x000000000001301a      0x484 ./USB_DEVICE/App/usbd_desc.o
 .debug_info    0x000000000001349e     0x1932 ./USB_DEVICE/Target/usbd_conf.o

.debug_abbrev   0x0000000000000000     0x318a
 .debug_abbrev  0x0000000000000000      0x2b8 ./Core/Src/main.o
 .debug_abbrev  0x00000000000002b8      0x1ca ./Core/Src/stm32f1xx_hal_msp.o
 .debug_abbrev  0x0000000000000482      0x188 ./Core/Src/stm32f1xx_it.o
 .debug_abbrev  0x000000000000060a      0x13b ./Core/Src/system_stm32f1xx.o
 .debug_abbrev  0x0000000000000745       0x12 ./Core/Startup/startup_stm32f103c8tx.o
 .debug_abbrev  0x0000000000000757      0x1fb ./Drivers/STM32F1xx_HAL_Driver/Src/stm32f1xx_hal.o
 .debug_abbrev  0x0000000000000952      0x2ed ./Drivers/STM32F1xx_HAL_Driver/Src/stm32f1xx_hal_cortex.o
 .debug_abbrev  0x0000000000000c3f      0x1bb ./Drivers/STM32F1xx_HAL_Driver/Src/stm32f1xx_hal_gpio.o
 .debug_abbrev  0x0000000000000dfa      0x2c0 ./Drivers/STM32F1xx_HAL_Driver/Src/stm32f1xx_hal_pcd.o
 .debug_abbrev  0x00000000000010ba      0x17f ./Drivers/STM32F1xx_HAL_Driver/Src/stm32f1xx_hal_pcd_ex.o
 .debug_abbrev  0x0000000000001239      0x2a8 ./Drivers/STM32F1xx_HAL_Driver/Src/stm32f1xx_hal_rcc.o
 .debug_abbrev  0x00000000000014e1      0x182 ./Drivers/STM32F1xx_HAL_Driver/Src/stm32f1xx_hal_rcc_ex.o
 .debug_abbrev  0x0000000000001663      0x264 ./Drivers/STM32F1xx_HAL_Driver/Src/stm32f1xx_hal_tim.o
 .debug_abbrev  0x00000000000018c7      0x26c ./Drivers/STM32F1xx_HAL_Driver/Src/stm32f1xx_hal_tim_ex.o
 .debug_abbrev  0x0000000000001b33      0x2df ./Drivers/STM32F1xx_HAL_Driver/Src/stm32f1xx_hal_uart.o
 .debug_abbrev  0x0000000000001e12      0x1d4 ./Drivers/STM32F1xx_HAL_Driver/Src/stm32f1xx_ll_usb.o
 .debug_abbrev  0x0000000000001fe6      0x2c0 ./Middlewares/ST/STM32_USB_Device_Library/Class/CDC/Src/usbd_cdc.o
 .debug_abbrev  0x00000000000022a6      0x236 ./Middlewares/ST/STM32_USB_Device_Library/Core/Src/usbd_core.o
 .debug_abbrev  0x00000000000024dc      0x257 ./Middlewares/ST/STM32_USB_Device_Library/Core/Src/usbd_ctlreq.o
 .debug_abbrev  0x0000000000002733      0x183 ./Middlewares/ST/STM32_USB_Device_Library/Core/Src/usbd_ioreq.o
 .debug_abbrev  0x00000000000028b6      0x183 ./USB_DEVICE/App/usb_device.o
 .debug_abbrev  0x0000000000002a39      0x252 ./USB_DEVICE/App/usbd_cdc_if.o
 .debug_abbrev  0x0000000000002c8b      0x1fa ./USB_DEVICE/App/usbd_desc.o
 .debug_abbrev  0x0000000000002e85      0x305 ./USB_DEVICE/Target/usbd_conf.o

.debug_aranges  0x0000000000000000     0x11e0
 .debug_aranges
                0x0000000000000000       0x48 ./Core/Src/main.o
 .debug_aranges
                0x0000000000000048       0x40 ./Core/Src/stm32f1xx_hal_msp.o
 .debug_aranges
                0x0000000000000088       0x68 ./Core/Src/stm32f1xx_it.o
 .debug_aranges
                0x00000000000000f0       0x28 ./Core/Src/system_stm32f1xx.o
 .debug_aranges
                0x0000000000000118       0x28 ./Core/Startup/startup_stm32f103c8tx.o
 .debug_aranges
                0x0000000000000140       0xe0 ./Drivers/STM32F1xx_HAL_Driver/Src/stm32f1xx_hal.o
 .debug_aranges
                0x0000000000000220      0x100 ./Drivers/STM32F1xx_HAL_Driver/Src/stm32f1xx_hal_cortex.o
 .debug_aranges
                0x0000000000000320       0x58 ./Drivers/STM32F1xx_HAL_Driver/Src/stm32f1xx_hal_gpio.o
 .debug_aranges
                0x0000000000000378      0x140 ./Drivers/STM32F1xx_HAL_Driver/Src/stm32f1xx_hal_pcd.o
 .debug_aranges
                0x00000000000004b8       0x38 ./Drivers/STM32F1xx_HAL_Driver/Src/stm32f1xx_hal_pcd_ex.o
 .debug_aranges
                0x00000000000004f0       0x90 ./Drivers/STM32F1xx_HAL_Driver/Src/stm32f1xx_hal_rcc.o
 .debug_aranges
                0x0000000000000580       0x30 ./Drivers/STM32F1xx_HAL_Driver/Src/stm32f1xx_hal_rcc_ex.o
 .debug_aranges
                0x00000000000005b0      0x3d0 ./Drivers/STM32F1xx_HAL_Driver/Src/stm32f1xx_hal_tim.o
 .debug_aranges
                0x0000000000000980      0x168 ./Drivers/STM32F1xx_HAL_Driver/Src/stm32f1xx_hal_tim_ex.o
 .debug_aranges
                0x0000000000000ae8      0x208 ./Drivers/STM32F1xx_HAL_Driver/Src/stm32f1xx_hal_uart.o
 .debug_aranges
                0x0000000000000cf0       0xf8 ./Drivers/STM32F1xx_HAL_Driver/Src/stm32f1xx_ll_usb.o
 .debug_aranges
                0x0000000000000de8       0x90 ./Middlewares/ST/STM32_USB_Device_Library/Class/CDC/Src/usbd_cdc.o
 .debug_aranges
                0x0000000000000e78       0xb8 ./Middlewares/ST/STM32_USB_Device_Library/Core/Src/usbd_core.o
 .debug_aranges
                0x0000000000000f30       0x88 ./Middlewares/ST/STM32_USB_Device_Library/Core/Src/usbd_ctlreq.o
 .debug_aranges
                0x0000000000000fb8       0x50 ./Middlewares/ST/STM32_USB_Device_Library/Core/Src/usbd_ioreq.o
 .debug_aranges
                0x0000000000001008       0x20 ./USB_DEVICE/App/usb_device.o
 .debug_aranges
                0x0000000000001028       0x40 ./USB_DEVICE/App/usbd_cdc_if.o
 .debug_aranges
                0x0000000000001068       0x60 ./USB_DEVICE/App/usbd_desc.o
 .debug_aranges
                0x00000000000010c8      0x118 ./USB_DEVICE/Target/usbd_conf.o

.debug_ranges   0x0000000000000000     0x1098
 .debug_ranges  0x0000000000000000       0x38 ./Core/Src/main.o
 .debug_ranges  0x0000000000000038       0x30 ./Core/Src/stm32f1xx_hal_msp.o
 .debug_ranges  0x0000000000000068       0x58 ./Core/Src/stm32f1xx_it.o
 .debug_ranges  0x00000000000000c0       0x18 ./Core/Src/system_stm32f1xx.o
 .debug_ranges  0x00000000000000d8       0x20 ./Core/Startup/startup_stm32f103c8tx.o
 .debug_ranges  0x00000000000000f8       0xd0 ./Drivers/STM32F1xx_HAL_Driver/Src/stm32f1xx_hal.o
 .debug_ranges  0x00000000000001c8       0xf0 ./Drivers/STM32F1xx_HAL_Driver/Src/stm32f1xx_hal_cortex.o
 .debug_ranges  0x00000000000002b8       0x48 ./Drivers/STM32F1xx_HAL_Driver/Src/stm32f1xx_hal_gpio.o
 .debug_ranges  0x0000000000000300      0x130 ./Drivers/STM32F1xx_HAL_Driver/Src/stm32f1xx_hal_pcd.o
 .debug_ranges  0x0000000000000430       0x28 ./Drivers/STM32F1xx_HAL_Driver/Src/stm32f1xx_hal_pcd_ex.o
 .debug_ranges  0x0000000000000458       0x80 ./Drivers/STM32F1xx_HAL_Driver/Src/stm32f1xx_hal_rcc.o
 .debug_ranges  0x00000000000004d8       0x20 ./Drivers/STM32F1xx_HAL_Driver/Src/stm32f1xx_hal_rcc_ex.o
 .debug_ranges  0x00000000000004f8      0x3c0 ./Drivers/STM32F1xx_HAL_Driver/Src/stm32f1xx_hal_tim.o
 .debug_ranges  0x00000000000008b8      0x158 ./Drivers/STM32F1xx_HAL_Driver/Src/stm32f1xx_hal_tim_ex.o
 .debug_ranges  0x0000000000000a10      0x228 ./Drivers/STM32F1xx_HAL_Driver/Src/stm32f1xx_hal_uart.o
 .debug_ranges  0x0000000000000c38       0xe8 ./Drivers/STM32F1xx_HAL_Driver/Src/stm32f1xx_ll_usb.o
 .debug_ranges  0x0000000000000d20       0x80 ./Middlewares/ST/STM32_USB_Device_Library/Class/CDC/Src/usbd_cdc.o
 .debug_ranges  0x0000000000000da0       0xa8 ./Middlewares/ST/STM32_USB_Device_Library/Core/Src/usbd_core.o
 .debug_ranges  0x0000000000000e48       0x78 ./Middlewares/ST/STM32_USB_Device_Library/Core/Src/usbd_ctlreq.o
 .debug_ranges  0x0000000000000ec0       0x40 ./Middlewares/ST/STM32_USB_Device_Library/Core/Src/usbd_ioreq.o
 .debug_ranges  0x0000000000000f00       0x10 ./USB_DEVICE/App/usb_device.o
 .debug_ranges  0x0000000000000f10       0x30 ./USB_DEVICE/App/usbd_cdc_if.o
 .debug_ranges  0x0000000000000f40       0x50 ./USB_DEVICE/App/usbd_desc.o
 .debug_ranges  0x0000000000000f90      0x108 ./USB_DEVICE/Target/usbd_conf.o

.debug_macro    0x0000000000000000    0x1aa22
 .debug_macro   0x0000000000000000      0x3c1 ./Core/Src/main.o
 .debug_macro   0x00000000000003c1      0xa6c ./Core/Src/main.o
 .debug_macro   0x0000000000000e2d      0x221 ./Core/Src/main.o
 .debug_macro   0x000000000000104e       0x2e ./Core/Src/main.o
 .debug_macro   0x000000000000107c       0x22 ./Core/Src/main.o
 .debug_macro   0x000000000000109e       0x22 ./Core/Src/main.o
 .debug_macro   0x00000000000010c0       0x8e ./Core/Src/main.o
 .debug_macro   0x000000000000114e       0x51 ./Core/Src/main.o
 .debug_macro   0x000000000000119f      0x103 ./Core/Src/main.o
 .debug_macro   0x00000000000012a2       0x6a ./Core/Src/main.o
 .debug_macro   0x000000000000130c      0x1df ./Core/Src/main.o
 .debug_macro   0x00000000000014eb       0x1c ./Core/Src/main.o
 .debug_macro   0x0000000000001507       0x22 ./Core/Src/main.o
 .debug_macro   0x0000000000001529       0xbd ./Core/Src/main.o
 .debug_macro   0x00000000000015e6      0xd23 ./Core/Src/main.o
 .debug_macro   0x0000000000002309     0xe09e ./Core/Src/main.o
 .debug_macro   0x00000000000103a7       0x6d ./Core/Src/main.o
 .debug_macro   0x0000000000010414     0x348d ./Core/Src/main.o
 .debug_macro   0x00000000000138a1      0x174 ./Core/Src/main.o
 .debug_macro   0x0000000000013a15       0x5c ./Core/Src/main.o
 .debug_macro   0x0000000000013a71      0x5bc ./Core/Src/main.o
 .debug_macro   0x000000000001402d      0x289 ./Core/Src/main.o
 .debug_macro   0x00000000000142b6      0x1cb ./Core/Src/main.o
 .debug_macro   0x0000000000014481      0x114 ./Core/Src/main.o
 .debug_macro   0x0000000000014595      0x1b2 ./Core/Src/main.o
 .debug_macro   0x0000000000014747       0x27 ./Core/Src/main.o
 .debug_macro   0x000000000001476e      0x136 ./Core/Src/main.o
 .debug_macro   0x00000000000148a4      0x1bc ./Core/Src/main.o
 .debug_macro   0x0000000000014a60       0x34 ./Core/Src/main.o
 .debug_macro   0x0000000000014a94       0x3c ./Core/Src/main.o
 .debug_macro   0x0000000000014ad0       0x57 ./Core/Src/main.o
 .debug_macro   0x0000000000014b27       0x87 ./Core/Src/main.o
 .debug_macro   0x0000000000014bae      0x240 ./Core/Src/main.o
 .debug_macro   0x0000000000014dee      0x140 ./Core/Src/main.o
 .debug_macro   0x0000000000014f2e      0x8ed ./Core/Src/main.o
 .debug_macro   0x000000000001581b      0x28e ./Core/Src/main.o
 .debug_macro   0x0000000000015aa9       0xab ./Core/Src/main.o
 .debug_macro   0x0000000000015b54      0x242 ./Core/Src/main.o
 .debug_macro   0x0000000000015d96       0x83 ./Core/Src/main.o
 .debug_macro   0x0000000000015e19       0x64 ./Core/Src/main.o
 .debug_macro   0x0000000000015e7d       0x52 ./Core/Src/main.o
 .debug_macro   0x0000000000015ecf       0x18 ./Core/Src/main.o
 .debug_macro   0x0000000000015ee7       0x3c ./Core/Src/main.o
 .debug_macro   0x0000000000015f23       0x34 ./Core/Src/main.o
 .debug_macro   0x0000000000015f57       0x16 ./Core/Src/main.o
 .debug_macro   0x0000000000015f6d       0x35 ./Core/Src/main.o
 .debug_macro   0x0000000000015fa2      0x341 ./Core/Src/main.o
 .debug_macro   0x00000000000162e3       0x10 ./Core/Src/main.o
 .debug_macro   0x00000000000162f3       0x16 ./Core/Src/main.o
 .debug_macro   0x0000000000016309       0x43 ./Core/Src/main.o
 .debug_macro   0x000000000001634c       0x34 ./Core/Src/main.o
 .debug_macro   0x0000000000016380       0x10 ./Core/Src/main.o
 .debug_macro   0x0000000000016390       0x58 ./Core/Src/main.o
 .debug_macro   0x00000000000163e8       0x71 ./Core/Src/main.o
 .debug_macro   0x0000000000016459       0x1c ./Core/Src/main.o
 .debug_macro   0x0000000000016475      0x12a ./Core/Src/main.o
 .debug_macro   0x000000000001659f       0x10 ./Core/Src/main.o
 .debug_macro   0x00000000000165af       0x1c ./Core/Src/main.o
 .debug_macro   0x00000000000165cb       0x52 ./Core/Src/main.o
 .debug_macro   0x000000000001661d       0x22 ./Core/Src/main.o
 .debug_macro   0x000000000001663f       0x10 ./Core/Src/main.o
 .debug_macro   0x000000000001664f       0x52 ./Core/Src/main.o
 .debug_macro   0x00000000000166a1       0xd5 ./Core/Src/main.o
 .debug_macro   0x0000000000016776       0x1c ./Core/Src/main.o
 .debug_macro   0x0000000000016792       0x3d ./Core/Src/main.o
 .debug_macro   0x00000000000167cf       0x16 ./Core/Src/main.o
 .debug_macro   0x00000000000167e5      0x145 ./Core/Src/main.o
 .debug_macro   0x000000000001692a       0x16 ./Core/Src/main.o
 .debug_macro   0x0000000000016940       0x16 ./Core/Src/main.o
 .debug_macro   0x0000000000016956       0x29 ./Core/Src/main.o
 .debug_macro   0x000000000001697f       0x16 ./Core/Src/main.o
 .debug_macro   0x0000000000016995       0x20 ./Core/Src/main.o
 .debug_macro   0x00000000000169b5       0x5f ./Core/Src/main.o
 .debug_macro   0x0000000000016a14      0x1c8 ./Core/Src/main.o
 .debug_macro   0x0000000000016bdc      0x1d6 ./Core/Src/stm32f1xx_hal_msp.o
 .debug_macro   0x0000000000016db2      0x1e0 ./Core/Src/stm32f1xx_it.o
 .debug_macro   0x0000000000016f92      0x1c7 ./Core/Src/system_stm32f1xx.o
 .debug_macro   0x0000000000017159      0x1eb ./Drivers/STM32F1xx_HAL_Driver/Src/stm32f1xx_hal.o
 .debug_macro   0x0000000000017344      0x1c7 ./Drivers/STM32F1xx_HAL_Driver/Src/stm32f1xx_hal_cortex.o
 .debug_macro   0x000000000001750b      0x232 ./Drivers/STM32F1xx_HAL_Driver/Src/stm32f1xx_hal_gpio.o
 .debug_macro   0x000000000001773d      0x1d3 ./Drivers/STM32F1xx_HAL_Driver/Src/stm32f1xx_hal_pcd.o
 .debug_macro   0x0000000000017910      0x1c7 ./Drivers/STM32F1xx_HAL_Driver/Src/stm32f1xx_hal_pcd_ex.o
 .debug_macro   0x0000000000017ad7      0x1d9 ./Drivers/STM32F1xx_HAL_Driver/Src/stm32f1xx_hal_rcc.o
 .debug_macro   0x0000000000017cb0      0x1c7 ./Drivers/STM32F1xx_HAL_Driver/Src/stm32f1xx_hal_rcc_ex.o
 .debug_macro   0x0000000000017e77      0x1c8 ./Drivers/STM32F1xx_HAL_Driver/Src/stm32f1xx_hal_tim.o
 .debug_macro   0x000000000001803f      0x1c7 ./Drivers/STM32F1xx_HAL_Driver/Src/stm32f1xx_hal_tim_ex.o
 .debug_macro   0x0000000000018206      0x1c8 ./Drivers/STM32F1xx_HAL_Driver/Src/stm32f1xx_hal_uart.o
 .debug_macro   0x00000000000183ce      0x1c7 ./Drivers/STM32F1xx_HAL_Driver/Src/stm32f1xx_ll_usb.o
 .debug_macro   0x0000000000018595      0x3ec ./Middlewares/ST/STM32_USB_Device_Library/Class/CDC/Src/usbd_cdc.o
 .debug_macro   0x0000000000018981       0x97 ./Middlewares/ST/STM32_USB_Device_Library/Class/CDC/Src/usbd_cdc.o
 .debug_macro   0x0000000000018a18       0xfd ./Middlewares/ST/STM32_USB_Device_Library/Class/CDC/Src/usbd_cdc.o
 .debug_macro   0x0000000000018b15       0x56 ./Middlewares/ST/STM32_USB_Device_Library/Class/CDC/Src/usbd_cdc.o
 .debug_macro   0x0000000000018b6b       0x8f ./Middlewares/ST/STM32_USB_Device_Library/Class/CDC/Src/usbd_cdc.o
 .debug_macro   0x0000000000018bfa      0x3d3 ./Middlewares/ST/STM32_USB_Device_Library/Core/Src/usbd_core.o
 .debug_macro   0x0000000000018fcd      0x1ce ./Middlewares/ST/STM32_USB_Device_Library/Core/Src/usbd_core.o
 .debug_macro   0x000000000001919b      0x3dd ./Middlewares/ST/STM32_USB_Device_Library/Core/Src/usbd_ctlreq.o
 .debug_macro   0x0000000000019578      0x3d9 ./Middlewares/ST/STM32_USB_Device_Library/Core/Src/usbd_ioreq.o
 .debug_macro   0x0000000000019951      0x40c ./USB_DEVICE/App/usb_device.o
 .debug_macro   0x0000000000019d5d       0x6a ./USB_DEVICE/App/usb_device.o
 .debug_macro   0x0000000000019dc7       0x22 ./USB_DEVICE/App/usb_device.o
 .debug_macro   0x0000000000019de9       0x16 ./USB_DEVICE/App/usb_device.o
 .debug_macro   0x0000000000019dff      0x3f7 ./USB_DEVICE/App/usbd_cdc_if.o
 .debug_macro   0x000000000001a1f6       0x10 ./USB_DEVICE/App/usbd_cdc_if.o
 .debug_macro   0x000000000001a206      0x410 ./USB_DEVICE/App/usbd_desc.o
 .debug_macro   0x000000000001a616       0x1c ./USB_DEVICE/App/usbd_desc.o
 .debug_macro   0x000000000001a632      0x3f0 ./USB_DEVICE/Target/usbd_conf.o

.debug_line     0x0000000000000000    0x159f9
 .debug_line    0x0000000000000000      0xb20 ./Core/Src/main.o
 .debug_line    0x0000000000000b20      0x74c ./Core/Src/stm32f1xx_hal_msp.o
 .debug_line    0x000000000000126c      0x79b ./Core/Src/stm32f1xx_it.o
 .debug_line    0x0000000000001a07      0x73f ./Core/Src/system_stm32f1xx.o
 .debug_line    0x0000000000002146       0x86 ./Core/Startup/startup_stm32f103c8tx.o
 .debug_line    0x00000000000021cc      0x96c ./Drivers/STM32F1xx_HAL_Driver/Src/stm32f1xx_hal.o
 .debug_line    0x0000000000002b38      0xb54 ./Drivers/STM32F1xx_HAL_Driver/Src/stm32f1xx_hal_cortex.o
 .debug_line    0x000000000000368c      0xa05 ./Drivers/STM32F1xx_HAL_Driver/Src/stm32f1xx_hal_gpio.o
 .debug_line    0x0000000000004091     0x139d ./Drivers/STM32F1xx_HAL_Driver/Src/stm32f1xx_hal_pcd.o
 .debug_line    0x000000000000542e      0x73a ./Drivers/STM32F1xx_HAL_Driver/Src/stm32f1xx_hal_pcd_ex.o
 .debug_line    0x0000000000005b68      0xd78 ./Drivers/STM32F1xx_HAL_Driver/Src/stm32f1xx_hal_rcc.o
 .debug_line    0x00000000000068e0      0x8b4 ./Drivers/STM32F1xx_HAL_Driver/Src/stm32f1xx_hal_rcc_ex.o
 .debug_line    0x0000000000007194     0x33f7 ./Drivers/STM32F1xx_HAL_Driver/Src/stm32f1xx_hal_tim.o
 .debug_line    0x000000000000a58b     0x18c2 ./Drivers/STM32F1xx_HAL_Driver/Src/stm32f1xx_hal_tim_ex.o
 .debug_line    0x000000000000be4d     0x289d ./Drivers/STM32F1xx_HAL_Driver/Src/stm32f1xx_hal_uart.o
 .debug_line    0x000000000000e6ea     0x1021 ./Drivers/STM32F1xx_HAL_Driver/Src/stm32f1xx_ll_usb.o
 .debug_line    0x000000000000f70b      0xd4d ./Middlewares/ST/STM32_USB_Device_Library/Class/CDC/Src/usbd_cdc.o
 .debug_line    0x0000000000010458      0xdcd ./Middlewares/ST/STM32_USB_Device_Library/Core/Src/usbd_core.o
 .debug_line    0x0000000000011225      0xfef ./Middlewares/ST/STM32_USB_Device_Library/Core/Src/usbd_ctlreq.o
 .debug_line    0x0000000000012214      0xa63 ./Middlewares/ST/STM32_USB_Device_Library/Core/Src/usbd_ioreq.o
 .debug_line    0x0000000000012c77      0xa23 ./USB_DEVICE/App/usb_device.o
 .debug_line    0x000000000001369a      0xa6b ./USB_DEVICE/App/usbd_cdc_if.o
 .debug_line    0x0000000000014105      0xaec ./USB_DEVICE/App/usbd_desc.o
 .debug_line    0x0000000000014bf1      0xe08 ./USB_DEVICE/Target/usbd_conf.o

.debug_str      0x0000000000000000    0x8f504
 .debug_str     0x0000000000000000    0x8af71 ./Core/Src/main.o
                                      0x8b3e5 (size before relaxing)
 .debug_str     0x000000000008af71       0xc4 ./Core/Src/stm32f1xx_hal_msp.o
                                      0x867ae (size before relaxing)
 .debug_str     0x000000000008b035      0x3cd ./Core/Src/stm32f1xx_it.o
                                      0x863f0 (size before relaxing)
 .debug_str     0x000000000008b402       0x7e ./Core/Src/system_stm32f1xx.o
                                      0x85ed7 (size before relaxing)
 .debug_str     0x000000000008b480       0x36 ./Core/Startup/startup_stm32f103c8tx.o
                                         0x67 (size before relaxing)
 .debug_str     0x000000000008b4b6      0x607 ./Drivers/STM32F1xx_HAL_Driver/Src/stm32f1xx_hal.o
                                      0x8660a (size before relaxing)
 .debug_str     0x000000000008babd      0x293 ./Drivers/STM32F1xx_HAL_Driver/Src/stm32f1xx_hal_cortex.o
                                      0x86556 (size before relaxing)
 .debug_str     0x000000000008bd50      0x2d3 ./Drivers/STM32F1xx_HAL_Driver/Src/stm32f1xx_hal_gpio.o
                                      0x8625d (size before relaxing)
 .debug_str     0x000000000008c023      0x5bd ./Drivers/STM32F1xx_HAL_Driver/Src/stm32f1xx_hal_pcd.o
                                      0x867e9 (size before relaxing)
 .debug_str     0x000000000008c5e0      0x170 ./Drivers/STM32F1xx_HAL_Driver/Src/stm32f1xx_hal_pcd_ex.o
                                      0x8634b (size before relaxing)
 .debug_str     0x000000000008c750      0x229 ./Drivers/STM32F1xx_HAL_Driver/Src/stm32f1xx_hal_rcc.o
                                      0x86306 (size before relaxing)
 .debug_str     0x000000000008c979       0x9f ./Drivers/STM32F1xx_HAL_Driver/Src/stm32f1xx_hal_rcc_ex.o
                                      0x86056 (size before relaxing)
 .debug_str     0x000000000008ca18      0xe0d ./Drivers/STM32F1xx_HAL_Driver/Src/stm32f1xx_hal_tim.o
                                      0x872f8 (size before relaxing)
 .debug_str     0x000000000008d825      0x3e1 ./Drivers/STM32F1xx_HAL_Driver/Src/stm32f1xx_hal_tim_ex.o
                                      0x86b14 (size before relaxing)
 .debug_str     0x000000000008dc06      0x631 ./Drivers/STM32F1xx_HAL_Driver/Src/stm32f1xx_hal_uart.o
                                      0x86977 (size before relaxing)
 .debug_str     0x000000000008e237      0x129 ./Drivers/STM32F1xx_HAL_Driver/Src/stm32f1xx_ll_usb.o
                                      0x8639d (size before relaxing)
 .debug_str     0x000000000008e360      0x957 ./Middlewares/ST/STM32_USB_Device_Library/Class/CDC/Src/usbd_cdc.o
                                      0x8b563 (size before relaxing)
 .debug_str     0x000000000008ecb7      0x281 ./Middlewares/ST/STM32_USB_Device_Library/Core/Src/usbd_core.o
                                      0x8ae9e (size before relaxing)
 .debug_str     0x000000000008ef38      0x120 ./Middlewares/ST/STM32_USB_Device_Library/Core/Src/usbd_ctlreq.o
                                      0x8adb8 (size before relaxing)
 .debug_str     0x000000000008f058       0x51 ./Middlewares/ST/STM32_USB_Device_Library/Core/Src/usbd_ioreq.o
                                      0x8ace5 (size before relaxing)
 .debug_str     0x000000000008f0a9      0x105 ./USB_DEVICE/App/usb_device.o
                                      0x8b070 (size before relaxing)
 .debug_str     0x000000000008f1ae       0x86 ./USB_DEVICE/App/usbd_cdc_if.o
                                      0x8b096 (size before relaxing)
 .debug_str     0x000000000008f234      0x258 ./USB_DEVICE/App/usbd_desc.o
                                      0x8ac21 (size before relaxing)
 .debug_str     0x000000000008f48c       0x78 ./USB_DEVICE/Target/usbd_conf.o
                                      0x8baf0 (size before relaxing)

.comment        0x0000000000000000       0x50
 .comment       0x0000000000000000       0x50 ./Core/Src/main.o
                                         0x51 (size before relaxing)
 .comment       0x0000000000000050       0x51 ./Core/Src/stm32f1xx_hal_msp.o
 .comment       0x0000000000000050       0x51 ./Core/Src/stm32f1xx_it.o
 .comment       0x0000000000000050       0x51 ./Core/Src/system_stm32f1xx.o
 .comment       0x0000000000000050       0x51 ./Drivers/STM32F1xx_HAL_Driver/Src/stm32f1xx_hal.o
 .comment       0x0000000000000050       0x51 ./Drivers/STM32F1xx_HAL_Driver/Src/stm32f1xx_hal_cortex.o
 .comment       0x0000000000000050       0x51 ./Drivers/STM32F1xx_HAL_Driver/Src/stm32f1xx_hal_gpio.o
 .comment       0x0000000000000050       0x51 ./Drivers/STM32F1xx_HAL_Driver/Src/stm32f1xx_hal_pcd.o
 .comment       0x0000000000000050       0x51 ./Drivers/STM32F1xx_HAL_Driver/Src/stm32f1xx_hal_pcd_ex.o
 .comment       0x0000000000000050       0x51 ./Drivers/STM32F1xx_HAL_Driver/Src/stm32f1xx_hal_rcc.o
 .comment       0x0000000000000050       0x51 ./Drivers/STM32F1xx_HAL_Driver/Src/stm32f1xx_hal_rcc_ex.o
 .comment       0x0000000000000050       0x51 ./Drivers/STM32F1xx_HAL_Driver/Src/stm32f1xx_hal_tim.o
 .comment       0x0000000000000050       0x51 ./Drivers/STM32F1xx_HAL_Driver/Src/stm32f1xx_hal_tim_ex.o
 .comment       0x0000000000000050       0x51 ./Drivers/STM32F1xx_HAL_Driver/Src/stm32f1xx_hal_uart.o
 .comment       0x0000000000000050       0x51 ./Drivers/STM32F1xx_HAL_Driver/Src/stm32f1xx_ll_usb.o
 .comment       0x0000000000000050       0x51 ./Middlewares/ST/STM32_USB_Device_Library/Class/CDC/Src/usbd_cdc.o
 .comment       0x0000000000000050       0x51 ./Middlewares/ST/STM32_USB_Device_Library/Core/Src/usbd_core.o
 .comment       0x0000000000000050       0x51 ./Middlewares/ST/STM32_USB_Device_Library/Core/Src/usbd_ctlreq.o
 .comment       0x0000000000000050       0x51 ./Middlewares/ST/STM32_USB_Device_Library/Core/Src/usbd_ioreq.o
 .comment       0x0000000000000050       0x51 ./USB_DEVICE/App/usb_device.o
 .comment       0x0000000000000050       0x51 ./USB_DEVICE/App/usbd_cdc_if.o
 .comment       0x0000000000000050       0x51 ./USB_DEVICE/App/usbd_desc.o
 .comment       0x0000000000000050       0x51 ./USB_DEVICE/Target/usbd_conf.o

.debug_frame    0x0000000000000000     0x49f4
 .debug_frame   0x0000000000000000       0xcc ./Core/Src/main.o
 .debug_frame   0x00000000000000cc       0xd0 ./Core/Src/stm32f1xx_hal_msp.o
 .debug_frame   0x000000000000019c      0x120 ./Core/Src/stm32f1xx_it.o
 .debug_frame   0x00000000000002bc       0x58 ./Core/Src/system_stm32f1xx.o
 .debug_frame   0x0000000000000314      0x334 ./Drivers/STM32F1xx_HAL_Driver/Src/stm32f1xx_hal.o
 .debug_frame   0x0000000000000648      0x428 ./Drivers/STM32F1xx_HAL_Driver/Src/stm32f1xx_hal_cortex.o
 .debug_frame   0x0000000000000a70      0x14c ./Drivers/STM32F1xx_HAL_Driver/Src/stm32f1xx_hal_gpio.o
 .debug_frame   0x0000000000000bbc      0x59c ./Drivers/STM32F1xx_HAL_Driver/Src/stm32f1xx_hal_pcd.o
 .debug_frame   0x0000000000001158       0xb0 ./Drivers/STM32F1xx_HAL_Driver/Src/stm32f1xx_hal_pcd_ex.o
 .debug_frame   0x0000000000001208      0x218 ./Drivers/STM32F1xx_HAL_Driver/Src/stm32f1xx_hal_rcc.o
 .debug_frame   0x0000000000001420       0x80 ./Drivers/STM32F1xx_HAL_Driver/Src/stm32f1xx_hal_rcc_ex.o
 .debug_frame   0x00000000000014a0     0x11bc ./Drivers/STM32F1xx_HAL_Driver/Src/stm32f1xx_hal_tim.o
 .debug_frame   0x000000000000265c      0x638 ./Drivers/STM32F1xx_HAL_Driver/Src/stm32f1xx_hal_tim_ex.o
 .debug_frame   0x0000000000002c94      0x944 ./Drivers/STM32F1xx_HAL_Driver/Src/stm32f1xx_hal_uart.o
 .debug_frame   0x00000000000035d8      0x478 ./Drivers/STM32F1xx_HAL_Driver/Src/stm32f1xx_ll_usb.o
 .debug_frame   0x0000000000003a50      0x248 ./Middlewares/ST/STM32_USB_Device_Library/Class/CDC/Src/usbd_cdc.o
 .debug_frame   0x0000000000003c98      0x300 ./Middlewares/ST/STM32_USB_Device_Library/Core/Src/usbd_core.o
 .debug_frame   0x0000000000003f98      0x218 ./Middlewares/ST/STM32_USB_Device_Library/Core/Src/usbd_ctlreq.o
 .debug_frame   0x00000000000041b0      0x10c ./Middlewares/ST/STM32_USB_Device_Library/Core/Src/usbd_ioreq.o
 .debug_frame   0x00000000000042bc       0x2c ./USB_DEVICE/App/usb_device.o
 .debug_frame   0x00000000000042e8       0xbc ./USB_DEVICE/App/usbd_cdc_if.o
 .debug_frame   0x00000000000043a4      0x160 ./USB_DEVICE/App/usbd_desc.o
 .debug_frame   0x0000000000004504      0x4a4 ./USB_DEVICE/Target/usbd_conf.o
 .debug_frame   0x00000000000049a8       0x2c c:/st/stm32cubeide_1.10.1/stm32cubeide/plugins/com.st.stm32cube.ide.mcu.externaltools.gnu-tools-for-stm32.10.3-2021.10.win32_1.0.200.202301161003/tools/bin/../lib/gcc/arm-none-eabi/10.3.1/../../../../arm-none-eabi/lib/thumb/v7-m/nofp\libc_nano.a(lib_a-init.o)
 .debug_frame   0x00000000000049d4       0x20 c:/st/stm32cubeide_1.10.1/stm32cubeide/plugins/com.st.stm32cube.ide.mcu.externaltools.gnu-tools-for-stm32.10.3-2021.10.win32_1.0.200.202301161003/tools/bin/../lib/gcc/arm-none-eabi/10.3.1/../../../../arm-none-eabi/lib/thumb/v7-m/nofp\libc_nano.a(lib_a-memset.o)
